Component: ARM Compiler 5.05 update 1 (build 106) Tool: armlink [4d0efa]

==============================================================================

Section Cross References

    main.o(i.SystemClock_Config) refers to memseta.o(.text) for __aeabi_memclr4
    main.o(i.SystemClock_Config) refers to cs32l010_hal_rcc.o(i.HAL_RCC_OscConfig) for HAL_RCC_OscConfig
    main.o(i.SystemClock_Config) refers to main.o(i.Error_Handler) for Error_Handler
    main.o(i.SystemClock_Config) refers to cs32l010_hal_rcc.o(i.HAL_RCC_ClockConfig) for HAL_RCC_ClockConfig
    main.o(i.main) refers to cs32l010_hal.o(i.HAL_Init) for HAL_Init
    main.o(i.main) refers to main.o(i.SystemClock_Config) for SystemClock_Config
    main.o(i.main) refers to dfrobot_i2c_slave.o(i.i2cInitSlave) for i2cInitSlave
    main.o(i.main) refers to dfrobot_i2c_slave.o(i.i2cIRQConfig) for i2cIRQConfig
    main.o(i.main) refers to main.o(i.pwm_init) for pwm_init
    main.o(i.main) refers to dfrobot_adc.o(i.adc_init) for adc_init
    main.o(i.main) refers to cs32l010_hal.o(i.HAL_Delay) for HAL_Delay
    main.o(i.main) refers to dfrobot_i2c_slave.o(.bss) for motor_register
    main.o(i.pwm_init) refers to dfrobot_motordriver.o(i.PWM_gpio_init) for PWM_gpio_init
    main.o(i.pwm_init) refers to dfrobot_motordriver.o(i.TimerChannelInit) for TimerChannelInit
    cs32l010_it.o(i.ADC_IRQHandler) refers to cs32l010_hal_adc.o(i.HAL_ADC_IRQHandler) for HAL_ADC_IRQHandler
    cs32l010_it.o(i.ADC_IRQHandler) refers to dfrobot_adc.o(.bss) for sAdcHandle
    cs32l010_it.o(i.I2C_IRQHandler) refers to cs32l010_hal_i2c.o(i.HAL_I2C_IRQHandler) for HAL_I2C_IRQHandler
    cs32l010_it.o(i.I2C_IRQHandler) refers to dfrobot_i2c_slave.o(.bss) for i2cSlave
    cs32l010_it.o(i.PCA_IRQHandler) refers to cs32l010_hal_pca.o(i.HAL_PCA_IRQHandler) for HAL_PCA_IRQHandler
    cs32l010_it.o(i.PCA_IRQHandler) refers to main.o(.bss) for sPcaHandle
    cs32l010_it.o(i.SysTick_Handler) refers to cs32l010_hal.o(i.HAL_IncTick) for HAL_IncTick
    cs32l010_it.o(i.TIM1_IRQHandler) refers to cs32l010_hal_tim.o(i.HAL_TIM_IRQHandler) for HAL_TIM_IRQHandler
    cs32l010_it.o(i.TIM1_IRQHandler) refers to dfrobot_motordriver.o(.bss) for sTim1Handle
    cs32l010_it.o(i.TIM2_IRQHandler) refers to cs32l010_hal_tim.o(i.HAL_TIM_IRQHandler) for HAL_TIM_IRQHandler
    cs32l010_it.o(i.TIM2_IRQHandler) refers to dfrobot_motordriver.o(.bss) for sTim2Handle
    cs32l010_it.o(i.UART0_IRQHandler) refers to cs32l010_hal_uart.o(i.HAL_UART_IRQHandler) for HAL_UART_IRQHandler
    cs32l010_it.o(i.UART0_IRQHandler) refers to main.o(.bss) for sUartxHandle
    log.o(i.Log_UART_SetConfig) refers to cs32l010_hal_rcc.o(i.HAL_RCC_GetPCLKFreq) for HAL_RCC_GetPCLKFreq
    log.o(i.Log_UART_SetConfig) refers to uidiv.o(.text) for __aeabi_uidivmod
    log.o(i.SerialInit) refers to memseta.o(.text) for __aeabi_memclr4
    log.o(i.SerialInit) refers to cs32l010_hal_gpio.o(i.HAL_GPIO_Init) for HAL_GPIO_Init
    log.o(i.SerialInit) refers to log.o(i.Log_UART_SetConfig) for Log_UART_SetConfig
    log.o(i.SerialInit) refers to log.o(.bss) for huart1
    log.o(i.SerialSend) refers to cs32l010_hal_uart.o(i.HAL_UART_Transmit) for HAL_UART_Transmit
    log.o(i.SerialSend) refers to log.o(.bss) for huart1
    log.o(i.UartInit) refers to log.o(i.SerialInit) for SerialInit
    log.o(i.fputc) refers to log.o(i.SerialSend) for SerialSend
    log.o(i.logout) refers to printf2.o(i.__0printf$2) for __2printf
    log.o(i.panic) refers to printf2.o(i.__0printf$2) for __2printf
    dfrobot_i2c_slave.o(i.HAL_I2C_SlaveCallback) refers to cs32l010_hal_cortex.o(i.HAL_NVIC_DisableIRQ) for HAL_NVIC_DisableIRQ
    dfrobot_i2c_slave.o(i.HAL_I2C_SlaveCallback) refers to cs32l010_hal_i2c.o(i.HAL_I2C_Wait_Flag) for HAL_I2C_Wait_Flag
    dfrobot_i2c_slave.o(i.HAL_I2C_SlaveCallback) refers to memcpya.o(.text) for __aeabi_memcpy
    dfrobot_i2c_slave.o(i.HAL_I2C_SlaveCallback) refers to cs32l010_hal_i2c.o(i.HAL_I2C_Send_Byte) for HAL_I2C_Send_Byte
    dfrobot_i2c_slave.o(i.HAL_I2C_SlaveCallback) refers to cs32l010_hal_i2c.o(i.HAL_I2C_ACK_Config) for HAL_I2C_ACK_Config
    dfrobot_i2c_slave.o(i.HAL_I2C_SlaveCallback) refers to cs32l010_hal_i2c.o(i.HAL_I2C_Clear_Interrupt_Flag) for HAL_I2C_Clear_Interrupt_Flag
    dfrobot_i2c_slave.o(i.HAL_I2C_SlaveCallback) refers to cs32l010_hal_cortex.o(i.HAL_NVIC_EnableIRQ) for HAL_NVIC_EnableIRQ
    dfrobot_i2c_slave.o(i.HAL_I2C_SlaveCallback) refers to dfrobot_i2c_slave.o(.data) for receive_size
    dfrobot_i2c_slave.o(i.HAL_I2C_SlaveCallback) refers to dfrobot_i2c_slave.o(.bss) for pData
    dfrobot_i2c_slave.o(i.i2cIRQConfig) refers to cs32l010_hal_cortex.o(i.HAL_NVIC_SetPriority) for HAL_NVIC_SetPriority
    dfrobot_i2c_slave.o(i.i2cIRQConfig) refers to cs32l010_hal_cortex.o(i.HAL_NVIC_EnableIRQ) for HAL_NVIC_EnableIRQ
    dfrobot_i2c_slave.o(i.i2cInitSlave) refers to memseta.o(.text) for __aeabi_memclr4
    dfrobot_i2c_slave.o(i.i2cInitSlave) refers to cs32l010_hal_gpio.o(i.HAL_GPIO_Init) for HAL_GPIO_Init
[...]
    Removing cs32l010_hal_iwdg.o(i.HAL_IWDG_RUN), (48 bytes).
    Removing cs32l010_hal_iwdg.o(i.HAL_IWDG_Refresh), (30 bytes).
    Removing cs32l010_hal_iwdg.o(i.HAL_IWDG_STOP), (48 bytes).
    Removing cs32l010_hal_lptim.o(.rev16_text), (4 bytes).
    Removing cs32l010_hal_lptim.o(.revsh_text), (4 bytes).
    Removing cs32l010_hal_lptim.o(i.HAL_LPTIM_Base_DeInit), (58 bytes).
    Removing cs32l010_hal_lptim.o(i.HAL_LPTIM_Base_Init), (70 bytes).
    Removing cs32l010_hal_lptim.o(i.HAL_LPTIM_Base_MspDeInit), (2 bytes).
    Removing cs32l010_hal_lptim.o(i.HAL_LPTIM_Base_MspInit), (2 bytes).
    Removing cs32l010_hal_lptim.o(i.HAL_LPTIM_Base_Start), (42 bytes).
    Removing cs32l010_hal_lptim.o(i.HAL_LPTIM_Base_Start_IT), (46 bytes).
    Removing cs32l010_hal_lptim.o(i.HAL_LPTIM_Base_Stop), (30 bytes).
    Removing cs32l010_hal_lptim.o(i.HAL_LPTIM_Base_Stop_IT), (32 bytes).
    Removing cs32l010_hal_lptim.o(i.HAL_LPTIM_IRQHandler), (56 bytes).
    Removing cs32l010_hal_lptim.o(i.HAL_LPTIM_PeriodElapsedCallback), (2 bytes).
    Removing cs32l010_hal_lptim.o(i.LPTIM_Base_SetConfig), (66 bytes).
    Removing cs32l010_hal_lpuart.o(.rev16_text), (4 bytes).
    Removing cs32l010_hal_lpuart.o(.revsh_text), (4 bytes).
    Removing cs32l010_hal_lpuart.o(i.HAL_LPUART_Abort), (46 bytes).
    Removing cs32l010_hal_lpuart.o(i.HAL_LPUART_AbortCpltCallback), (2 bytes).
    Removing cs32l010_hal_lpuart.o(i.HAL_LPUART_AbortReceive), (36 bytes).
    Removing cs32l010_hal_lpuart.o(i.HAL_LPUART_AbortReceiveCpltCallback), (2 bytes).
    Removing cs32l010_hal_lpuart.o(i.HAL_LPUART_AbortTransmit), (38 bytes).
    Removing cs32l010_hal_lpuart.o(i.HAL_LPUART_AbortTransmitCpltCallback), (2 bytes).
    Removing cs32l010_hal_lpuart.o(i.HAL_LPUART_DeInit), (64 bytes).
    Removing cs32l010_hal_lpuart.o(i.HAL_LPUART_ErrorCallback), (2 bytes).
    Removing cs32l010_hal_lpuart.o(i.HAL_LPUART_GetError), (6 bytes).
    Removing cs32l010_hal_lpuart.o(i.HAL_LPUART_GetState), (20 bytes).
    Removing cs32l010_hal_lpuart.o(i.HAL_LPUART_IRQHandler), (162 bytes).
    Removing cs32l010_hal_lpuart.o(i.HAL_LPUART_Init), (76 bytes).
    Removing cs32l010_hal_lpuart.o(i.HAL_LPUART_MspDeInit), (2 bytes).
    Removing cs32l010_hal_lpuart.o(i.HAL_LPUART_MspInit), (2 bytes).
    Removing cs32l010_hal_lpuart.o(i.HAL_LPUART_Receive), (384 bytes).
    Removing cs32l010_hal_lpuart.o(i.HAL_LPUART_Receive_IT), (92 bytes).
    Removing cs32l010_hal_lpuart.o(i.HAL_LPUART_RxCpltCallback), (2 bytes).
    Removing cs32l010_hal_lpuart.o(i.HAL_LPUART_Transmit), (276 bytes).
    Removing cs32l010_hal_lpuart.o(i.HAL_LPUART_Transmit_IT), (200 bytes).
    Removing cs32l010_hal_lpuart.o(i.HAL_LPUART_TxCpltCallback), (2 bytes).
    Removing cs32l010_hal_lpuart.o(i.LPUART_Receive_IT), (244 bytes).
    Removing cs32l010_hal_lpuart.o(i.LPUART_SetConfig), (232 bytes).
    Removing cs32l010_hal_lpuart.o(i.LPUART_Transmit_IT), (168 bytes).
    Removing cs32l010_hal_lpuart.o(i.LPUART_WaitOnFlagUntilTimeout), (98 bytes).
    Removing cs32l010_hal_lpuart.o(.constdata), (256 bytes).
    Removing cs32l010_hal_lvd.o(.rev16_text), (4 bytes).
    Removing cs32l010_hal_lvd.o(.revsh_text), (4 bytes).
    Removing cs32l010_hal_lvd.o(i.HAL_LVD_DeInit), (56 bytes).
    Removing cs32l010_hal_lvd.o(i.HAL_LVD_Disable), (40 bytes).
    Removing cs32l010_hal_lvd.o(i.HAL_LVD_Enable), (26 bytes).
    Removing cs32l010_hal_lvd.o(i.HAL_LVD_Enable_IT), (40 bytes).
    Removing cs32l010_hal_lvd.o(i.HAL_LVD_IRQHandler), (50 bytes).
    Removing cs32l010_hal_lvd.o(i.HAL_LVD_Init), (44 bytes).
    Removing cs32l010_hal_lvd.o(i.HAL_LVD_InterruptCallback), (2 bytes).
    Removing cs32l010_hal_lvd.o(i.HAL_LVD_MspDeInit), (2 bytes).
    Removing cs32l010_hal_lvd.o(i.HAL_LVD_MspInit), (2 bytes).
    Removing cs32l010_hal_lvd.o(i.LVD_SetConfig), (72 bytes).
    Removing cs32l010_hal_owire.o(.rev16_text), (4 bytes).
    Removing cs32l010_hal_owire.o(.revsh_text), (4 bytes).
    Removing cs32l010_hal_owire.o(i.HAL_OWIRE_Command_Init), (52 bytes).
    Removing cs32l010_hal_owire.o(i.HAL_OWIRE_Command_Init_IT_Start), (12 bytes).
    Removing cs32l010_hal_owire.o(i.HAL_OWIRE_Command_Rx), (78 bytes).
    Removing cs32l010_hal_owire.o(i.HAL_OWIRE_Command_Rx_IT_Start), (32 bytes).
    Removing cs32l010_hal_owire.o(i.HAL_OWIRE_Command_Tx), (78 bytes).
    Removing cs32l010_hal_owire.o(i.HAL_OWIRE_Command_Tx_IT_Start), (64 bytes).
    Removing cs32l010_hal_owire.o(i.HAL_OWIRE_DeInit), (46 bytes).
    Removing cs32l010_hal_owire.o(i.HAL_OWIRE_ErrorCallback), (2 bytes).
    Removing cs32l010_hal_owire.o(i.HAL_OWIRE_IRQHandler), (84 bytes).
    Removing cs32l010_hal_owire.o(i.HAL_OWIRE_Init), (164 bytes).
    Removing cs32l010_hal_owire.o(i.HAL_OWIRE_InitDoneCallback), (2 bytes).
    Removing cs32l010_hal_owire.o(i.HAL_OWIRE_MspDeInit), (2 bytes).
    Removing cs32l010_hal_owire.o(i.HAL_OWIRE_MspInit), (2 bytes).
    Removing cs32l010_hal_owire.o(i.HAL_OWIRE_Receive), (232 bytes).
    Removing cs32l010_hal_owire.o(i.HAL_OWIRE_Receive_IT), (96 bytes).
    Removing cs32l010_hal_owire.o(i.HAL_OWIRE_RxCpltCallback), (2 bytes).
    Removing cs32l010_hal_owire.o(i.HAL_OWIRE_Transmit), (216 bytes).
    Removing cs32l010_hal_owire.o(i.HAL_OWIRE_TransmitReceive), (314 bytes).
    Removing cs32l010_hal_owire.o(i.HAL_OWIRE_TransmitReceive_IT), (112 bytes).
    Removing cs32l010_hal_owire.o(i.HAL_OWIRE_Transmit_IT), (92 bytes).
    Removing cs32l010_hal_owire.o(i.HAL_OWIRE_TxCpltCallback), (2 bytes).
    Removing cs32l010_hal_owire.o(i.HAL_OWIRE_TxRxCpltCallback), (2 bytes).
    Removing cs32l010_hal_owire.o(i.OWIRE_InitDoneISR), (58 bytes).
    Removing cs32l010_hal_owire.o(i.OWIRE_RxDoneISR), (114 bytes).
    Removing cs32l010_hal_owire.o(i.OWIRE_TxDoneISR), (100 bytes).
    Removing cs32l010_hal_owire.o(i.OWIRE_WaitOnFlagUntilTimeout), (82 bytes).
    Removing cs32l010_hal_pca.o(.rev16_text), (4 bytes).
    Removing cs32l010_hal_pca.o(.revsh_text), (4 bytes).
    Removing cs32l010_hal_pca.o(i.HAL_PCA_Base_DeInit), (38 bytes).
    Removing cs32l010_hal_pca.o(i.HAL_PCA_Base_Init), (46 bytes).
    Removing cs32l010_hal_pca.o(i.HAL_PCA_Base_MspDeInit), (2 bytes).
    Removing cs32l010_hal_pca.o(i.HAL_PCA_Base_MspInit), (2 bytes).
    Removing cs32l010_hal_pca.o(i.HAL_PCA_IC_ConfigChannel), (106 bytes).
    Removing cs32l010_hal_pca.o(i.HAL_PCA_IC_DeInit), (38 bytes).
    Removing cs32l010_hal_pca.o(i.HAL_PCA_IC_Init), (46 bytes).
    Removing cs32l010_hal_pca.o(i.HAL_PCA_IC_MspDeInit), (2 bytes).
    Removing cs32l010_hal_pca.o(i.HAL_PCA_IC_MspInit), (2 bytes).
    Removing cs32l010_hal_pca.o(i.HAL_PCA_OC_DeInit), (38 bytes).
    Removing cs32l010_hal_pca.o(i.HAL_PCA_OC_MspDeInit), (2 bytes).
    Removing cs32l010_hal_pca.o(i.HAL_PCA_OC_Start_IT), (220 bytes).
    Removing cs32l010_hal_pca.o(i.HAL_PCA_OC_Stop), (140 bytes).
    Removing cs32l010_hal_pca.o(i.HAL_PCA_OC_Stop_IT), (220 bytes).
    Removing cs32l010_hal_pca.o(i.HAL_PCA_Start), (26 bytes).
    Removing cs32l010_hal_pca.o(i.HAL_PCA_Start_IT), (142 bytes).
    Removing cs32l010_hal_pca.o(i.HAL_PCA_Stop), (26 bytes).
    Removing cs32l010_hal_pca.o(i.HAL_PCA_Stop_IT), (142 bytes).
    Removing cs32l010_hal_pca.o(i.PCA_TI0_SetConfig), (12 bytes).
    Removing cs32l010_hal_pca.o(i.PCA_TI1_SetConfig), (12 bytes).
    Removing cs32l010_hal_pca.o(i.PCA_TI2_SetConfig), (12 bytes).
    Removing cs32l010_hal_pca.o(i.PCA_TI3_SetConfig), (12 bytes).
    Removing cs32l010_hal_pca.o(i.PCA_TI4_SetConfig), (12 bytes).
    Removing cs32l010_hal_pwr.o(.rev16_text), (4 bytes).
    Removing cs32l010_hal_pwr.o(.revsh_text), (4 bytes).
    Removing cs32l010_hal_pwr.o(i.HAL_PWR_DisableSEVOnPend), (20 bytes).
    Removing cs32l010_hal_pwr.o(i.HAL_PWR_DisableSleepOnExit), (20 bytes).
    Removing cs32l010_hal_pwr.o(i.HAL_PWR_EnableSEVOnPend), (20 bytes).
    Removing cs32l010_hal_pwr.o(i.HAL_PWR_EnableSleepOnExit), (20 bytes).
    Removing cs32l010_hal_pwr.o(i.HAL_PWR_EnterDEEPSLEEPMode), (24 bytes).
    Removing cs32l010_hal_pwr.o(i.HAL_PWR_EnterSLEEPMode), (32 bytes).
    Removing cs32l010_hal_rcc.o(.rev16_text), (4 bytes).
    Removing cs32l010_hal_rcc.o(.revsh_text), (4 bytes).
    Removing cs32l010_hal_rcc.o(i.HAL_RCC_DeInit), (368 bytes).
    Removing cs32l010_hal_rcc.o(i.HAL_RCC_GetClockConfig), (36 bytes).
    Removing cs32l010_hal_rcc.o(i.HAL_RCC_GetOscConfig), (140 bytes).
    Removing cs32l010_hal_rcc.o(i.HAL_RCC_MCOConfig), (120 bytes).
    Removing cs32l010_hal_rtc.o(.rev16_text), (4 bytes).
    Removing cs32l010_hal_rtc.o(.revsh_text), (4 bytes).
    Removing cs32l010_hal_rtc.o(i.HAL_RTC_1HZ_Config), (88 bytes).
    Removing cs32l010_hal_rtc.o(i.HAL_RTC_Alarm1_Config), (88 bytes).
    Removing cs32l010_hal_rtc.o(i.HAL_RTC_Alarm1_GetDate), (124 bytes).
    Removing cs32l010_hal_rtc.o(i.HAL_RTC_Alarm1_GetTime), (138 bytes).
    Removing cs32l010_hal_rtc.o(i.HAL_RTC_Alarm1_SetDate), (216 bytes).
    Removing cs32l010_hal_rtc.o(i.HAL_RTC_Alarm1_SetTime), (260 bytes).
    Removing cs32l010_hal_rtc.o(i.HAL_RTC_Alarm1_Set_INT_Source), (58 bytes).
    Removing cs32l010_hal_rtc.o(i.HAL_RTC_Alarm2_Config), (76 bytes).
    Removing cs32l010_hal_rtc.o(i.HAL_RTC_Alarm_Clear_Flag), (48 bytes).
    Removing cs32l010_hal_rtc.o(i.HAL_RTC_Alarm_Get_Flag), (52 bytes).
    Removing cs32l010_hal_rtc.o(i.HAL_RTC_Alarm_INT_Config), (84 bytes).
    Removing cs32l010_hal_rtc.o(i.HAL_RTC_DeInit), (162 bytes).
    Removing cs32l010_hal_rtc.o(i.HAL_RTC_GetState), (6 bytes).
    Removing cs32l010_hal_rtc.o(i.HAL_RTC_GetTime_Date), (412 bytes).
    Removing cs32l010_hal_rtc.o(i.HAL_RTC_Init), (324 bytes).
    Removing cs32l010_hal_rtc.o(i.HAL_RTC_MspDeInit), (2 bytes).
    Removing cs32l010_hal_rtc.o(i.HAL_RTC_MspInit), (2 bytes).
    Removing cs32l010_hal_rtc.o(i.HAL_RTC_SetDate), (232 bytes).
    Removing cs32l010_hal_rtc.o(i.HAL_RTC_SetTime), (306 bytes).
    Removing cs32l010_hal_rtc.o(i.HAL_RTC_SetTime_SetDate), (448 bytes).
    Removing cs32l010_hal_rtc.o(i.RTC_Bcd2ToByte), (26 bytes).
    Removing cs32l010_hal_rtc.o(i.RTC_ByteToBcd2), (26 bytes).
    Removing cs32l010_hal_rtc.o(i.RTC_Clear_RSF_Flag), (28 bytes).
    Removing cs32l010_hal_rtc.o(i.RTC_Disable_Write_Protected), (14 bytes).
    Removing cs32l010_hal_rtc.o(i.RTC_Enter_Init_Mode), (72 bytes).
    Removing cs32l010_hal_rtc.o(i.RTC_Exit_Init_Mode), (72 bytes).
    Removing cs32l010_hal_rtc.o(i.RTC_Get_RSF_Flag), (24 bytes).
    Removing cs32l010_hal_spi.o(.rev16_text), (4 bytes).
    Removing cs32l010_hal_spi.o(.revsh_text), (4 bytes).
    Removing cs32l010_hal_spi.o(i.HAL_SPI_DeInit), (50 bytes).
    Removing cs32l010_hal_spi.o(i.HAL_SPI_Get_ErrorFlags), (8 bytes).
    Removing cs32l010_hal_spi.o(i.HAL_SPI_Get_SPIIF), (22 bytes).
    Removing cs32l010_hal_spi.o(i.HAL_SPI_Init), (86 bytes).
    Removing cs32l010_hal_spi.o(i.HAL_SPI_Master_Receive_Data), (110 bytes).
    Removing cs32l010_hal_spi.o(i.HAL_SPI_Master_Send_Data), (120 bytes).
    Removing cs32l010_hal_spi.o(i.HAL_SPI_Master_TransmitReceive), (102 bytes).
    Removing cs32l010_hal_spi.o(i.HAL_SPI_MspDeInit), (2 bytes).
    Removing cs32l010_hal_spi.o(i.HAL_SPI_MspInit), (2 bytes).
    Removing cs32l010_hal_spi.o(i.HAL_SPI_Set_NSS), (12 bytes).
    Removing cs32l010_hal_spi.o(i.HAL_SPI_Slave_Receive_Data), (132 bytes).
    Removing cs32l010_hal_spi.o(i.HAL_SPI_Slave_Send_Data), (100 bytes).
    Removing cs32l010_hal_spi.o(i.LL_SPI_Master_TransmitReceive), (100 bytes).
    Removing cs32l010_hal_tim.o(.rev16_text), (4 bytes).
    Removing cs32l010_hal_tim.o(.revsh_text), (4 bytes).
    Removing cs32l010_hal_tim.o(i.HAL_TIM_Base_DeInit), (72 bytes).
    Removing cs32l010_hal_tim.o(i.HAL_TIM_Base_GetState), (6 bytes).
    Removing cs32l010_hal_tim.o(i.HAL_TIM_Base_Init), (46 bytes).
    Removing cs32l010_hal_tim.o(i.HAL_TIM_Base_MspDeInit), (2 bytes).
    Removing cs32l010_hal_tim.o(i.HAL_TIM_Base_MspInit), (2 bytes).
    Removing cs32l010_hal_tim.o(i.HAL_TIM_Base_Start), (26 bytes).
    Removing cs32l010_hal_tim.o(i.HAL_TIM_Base_Start_IT), (30 bytes).
    Removing cs32l010_hal_tim.o(i.HAL_TIM_Base_Stop), (60 bytes).
    Removing cs32l010_hal_tim.o(i.HAL_TIM_Base_Stop_IT), (64 bytes).
    Removing cs32l010_hal_tim.o(i.HAL_TIM_ConfigBreakDeadTime), (148 bytes).
    Removing cs32l010_hal_tim.o(i.HAL_TIM_ConfigClockSource), (308 bytes).
    Removing cs32l010_hal_tim.o(i.HAL_TIM_ConfigOCrefClear), (262 bytes).
    Removing cs32l010_hal_tim.o(i.HAL_TIM_ConfigTI1Input), (34 bytes).
    Removing cs32l010_hal_tim.o(i.HAL_TIM_Encoder_DeInit), (72 bytes).
    Removing cs32l010_hal_tim.o(i.HAL_TIM_Encoder_GetState), (6 bytes).
    Removing cs32l010_hal_tim.o(i.HAL_TIM_Encoder_Init), (188 bytes).
    Removing cs32l010_hal_tim.o(i.HAL_TIM_Encoder_MspDeInit), (2 bytes).
    Removing cs32l010_hal_tim.o(i.HAL_TIM_Encoder_MspInit), (2 bytes).
    Removing cs32l010_hal_tim.o(i.HAL_TIM_Encoder_Start), (80 bytes).
    Removing cs32l010_hal_tim.o(i.HAL_TIM_Encoder_Start_IT), (128 bytes).
    Removing cs32l010_hal_tim.o(i.HAL_TIM_Encoder_Stop), (112 bytes).
    Removing cs32l010_hal_tim.o(i.HAL_TIM_Encoder_Stop_IT), (160 bytes).
    Removing cs32l010_hal_tim.o(i.HAL_TIM_ErrorCallback), (2 bytes).
    Removing cs32l010_hal_tim.o(i.HAL_TIM_GenerateEvent), (44 bytes).
    Removing cs32l010_hal_tim.o(i.HAL_TIM_IC_ConfigChannel), (216 bytes).
    Removing cs32l010_hal_tim.o(i.HAL_TIM_IC_DeInit), (72 bytes).
    Removing cs32l010_hal_tim.o(i.HAL_TIM_IC_GetState), (6 bytes).
    Removing cs32l010_hal_tim.o(i.HAL_TIM_IC_Init), (46 bytes).
    Removing cs32l010_hal_tim.o(i.HAL_TIM_IC_MspDeInit), (2 bytes).
    Removing cs32l010_hal_tim.o(i.HAL_TIM_IC_MspInit), (2 bytes).
    Removing cs32l010_hal_tim.o(i.HAL_TIM_IC_Start), (32 bytes).
    Removing cs32l010_hal_tim.o(i.HAL_TIM_IC_Start_IT), (110 bytes).
    Removing cs32l010_hal_tim.o(i.HAL_TIM_IC_Stop), (64 bytes).
    Removing cs32l010_hal_tim.o(i.HAL_TIM_IC_Stop_IT), (144 bytes).
    Removing cs32l010_hal_tim.o(i.HAL_TIM_OC_ConfigChannel), (108 bytes).
    Removing cs32l010_hal_tim.o(i.HAL_TIM_OC_DeInit), (72 bytes).
    Removing cs32l010_hal_tim.o(i.HAL_TIM_OC_GetState), (6 bytes).
    Removing cs32l010_hal_tim.o(i.HAL_TIM_OC_Init), (46 bytes).
    Removing cs32l010_hal_tim.o(i.HAL_TIM_OC_MspDeInit), (2 bytes).
    Removing cs32l010_hal_tim.o(i.HAL_TIM_OC_MspInit), (2 bytes).
    Removing cs32l010_hal_tim.o(i.HAL_TIM_OC_Start), (68 bytes).
    Removing cs32l010_hal_tim.o(i.HAL_TIM_OC_Start_IT), (148 bytes).
    Removing cs32l010_hal_tim.o(i.HAL_TIM_OC_Stop), (128 bytes).
    Removing cs32l010_hal_tim.o(i.HAL_TIM_OC_Stop_IT), (208 bytes).
    Removing cs32l010_hal_tim.o(i.HAL_TIM_OnePulse_ConfigChannel), (286 bytes).
    Removing cs32l010_hal_tim.o(i.HAL_TIM_OnePulse_DeInit), (72 bytes).
    Removing cs32l010_hal_tim.o(i.HAL_TIM_OnePulse_GetState), (6 bytes).
    Removing cs32l010_hal_tim.o(i.HAL_TIM_OnePulse_Init), (70 bytes).
    Removing cs32l010_hal_tim.o(i.HAL_TIM_OnePulse_MspDeInit), (2 bytes).
    Removing cs32l010_hal_tim.o(i.HAL_TIM_OnePulse_MspInit), (2 bytes).
    Removing cs32l010_hal_tim.o(i.HAL_TIM_OnePulse_Start), (68 bytes).
    Removing cs32l010_hal_tim.o(i.HAL_TIM_OnePulse_Start_IT), (92 bytes).
    Removing cs32l010_hal_tim.o(i.HAL_TIM_OnePulse_Stop), (140 bytes).
    Removing cs32l010_hal_tim.o(i.HAL_TIM_OnePulse_Stop_IT), (164 bytes).
    Removing cs32l010_hal_tim.o(i.HAL_TIM_PWMN_Start), (46 bytes).
    Removing cs32l010_hal_tim.o(i.HAL_TIM_PWMN_Start_IT), (118 bytes).
    Removing cs32l010_hal_tim.o(i.HAL_TIM_PWMN_Stop), (108 bytes).
    Removing cs32l010_hal_tim.o(i.HAL_TIM_PWMN_Stop_IT), (196 bytes).
    Removing cs32l010_hal_tim.o(i.HAL_TIM_PWM_DeInit), (72 bytes).
    Removing cs32l010_hal_tim.o(i.HAL_TIM_PWM_GetState), (6 bytes).
    Removing cs32l010_hal_tim.o(i.HAL_TIM_PWM_MspDeInit), (2 bytes).
    Removing cs32l010_hal_tim.o(i.HAL_TIM_PWM_PulseFinishedCallback), (2 bytes).
    Removing cs32l010_hal_tim.o(i.HAL_TIM_PWM_Start), (68 bytes).
    Removing cs32l010_hal_tim.o(i.HAL_TIM_PWM_Stop), (132 bytes).
    Removing cs32l010_hal_tim.o(i.HAL_TIM_PWM_Stop_IT), (208 bytes).
    Removing cs32l010_hal_tim.o(i.HAL_TIM_ReadCapturedValue), (80 bytes).
    Removing cs32l010_hal_tim.o(i.HAL_TIM_SlaveConfigSynchronization), (64 bytes).
    Removing cs32l010_hal_tim.o(i.HAL_TIM_SlaveConfigSynchronization_IT), (64 bytes).
    Removing cs32l010_hal_tim.o(i.TIM_CCxNChannelCmd), (28 bytes).
    Removing cs32l010_hal_tim.o(i.TIM_ETR_SetConfig), (30 bytes).
    Removing cs32l010_hal_tim.o(i.TIM_ITRx_SetConfig), (26 bytes).
    Removing cs32l010_hal_tim.o(i.TIM_SlaveTimer_SetConfig), (172 bytes).
    Removing cs32l010_hal_tim.o(i.TIM_TI1_ConfigInputStage), (54 bytes).
    Removing cs32l010_hal_tim.o(i.TIM_TI1_SetConfig), (100 bytes).
    Removing cs32l010_hal_tim.o(i.TIM_TI2_ConfigInputStage), (54 bytes).
    Removing cs32l010_hal_tim.o(i.TIM_TI2_SetConfig), (76 bytes).
    Removing cs32l010_hal_tim.o(i.TIM_TI3_SetConfig), (74 bytes).
    Removing cs32l010_hal_tim.o(i.TIM_TI4_SetConfig), (82 bytes).
    Removing cs32l010_hal_tim.o(.data), (1 bytes).
    Removing cs32l010_hal_uart.o(.rev16_text), (4 bytes).
    Removing cs32l010_hal_uart.o(.revsh_text), (4 bytes).
    Removing cs32l010_hal_uart.o(i.HAL_HalfDuplex_Init), (80 bytes).
    Removing cs32l010_hal_uart.o(i.HAL_UART_Abort), (44 bytes).
    Removing cs32l010_hal_uart.o(i.HAL_UART_AbortCpltCallback), (2 bytes).
    Removing cs32l010_hal_uart.o(i.HAL_UART_AbortReceive), (36 bytes).
    Removing cs32l010_hal_uart.o(i.HAL_UART_AbortReceiveCpltCallback), (2 bytes).
    Removing cs32l010_hal_uart.o(i.HAL_UART_AbortTransmit), (36 bytes).
    Removing cs32l010_hal_uart.o(i.HAL_UART_AbortTransmitCpltCallback), (2 bytes).
    Removing cs32l010_hal_uart.o(i.HAL_UART_DeInit), (50 bytes).
    Removing cs32l010_hal_uart.o(i.HAL_UART_GetError), (6 bytes).
    Removing cs32l010_hal_uart.o(i.HAL_UART_GetState), (20 bytes).
    Removing cs32l010_hal_uart.o(i.HAL_UART_Init), (62 bytes).
    Removing cs32l010_hal_uart.o(i.HAL_UART_MspDeInit), (2 bytes).
    Removing cs32l010_hal_uart.o(i.HAL_UART_MspInit), (2 bytes).
    Removing cs32l010_hal_uart.o(i.HAL_UART_Receive), (404 bytes).
    Removing cs32l010_hal_uart.o(i.HAL_UART_Receive_IT), (92 bytes).
    Removing cs32l010_hal_uart.o(i.HAL_UART_Transmit), (292 bytes).
    Removing cs32l010_hal_uart.o(i.HAL_UART_Transmit_IT), (200 bytes).
    Removing cs32l010_hal_uart.o(i.UART_SetConfig), (70 bytes).
    Removing cs32l010_hal_uart.o(i.UART_Single_Receive_IT), (120 bytes).
    Removing cs32l010_hal_uart.o(i.UART_WaitOnFlagUntilTimeout), (98 bytes).
    Removing cs32l010_hal_vc.o(.rev16_text), (4 bytes).
    Removing cs32l010_hal_vc.o(.revsh_text), (4 bytes).
    Removing cs32l010_hal_vc.o(i.HAL_VC_Clear_INT_Flag), (14 bytes).
    Removing cs32l010_hal_vc.o(i.HAL_VC_DeInit), (22 bytes).
    Removing cs32l010_hal_vc.o(i.HAL_VC_Disable), (14 bytes).
    Removing cs32l010_hal_vc.o(i.HAL_VC_Enable), (14 bytes).
    Removing cs32l010_hal_vc.o(i.HAL_VC_Get_INT_Flag), (24 bytes).
    Removing cs32l010_hal_vc.o(i.HAL_VC_Get_OutPut_State), (24 bytes).
    Removing cs32l010_hal_vc.o(i.HAL_VC_Init), (166 bytes).
    Removing cs32l010_hal_vc.o(i.HAL_VC_OutPut_Config_Disable), (20 bytes).
    Removing cs32l010_hal_vc.o(i.HAL_VC_OutPut_Config_Enable), (20 bytes).
    Removing cs32l010_hal_wwdg.o(.rev16_text), (4 bytes).
    Removing cs32l010_hal_wwdg.o(.revsh_text), (4 bytes).
    Removing cs32l010_hal_wwdg.o(i.HAL_WWDG_Get_Counter), (14 bytes).
    Removing cs32l010_hal_wwdg.o(i.HAL_WWDG_INT_Callback), (2 bytes).
    Removing cs32l010_hal_wwdg.o(i.HAL_WWDG_INT_Handler), (44 bytes).
    Removing cs32l010_hal_wwdg.o(i.HAL_WWDG_Init), (44 bytes).
    Removing cs32l010_hal_wwdg.o(i.HAL_WWDG_Refresh), (12 bytes).
    Removing startup_cs32l010.o(HEAP), (512 bytes).
    Removing system_cs32l010.o(.rev16_text), (4 bytes).
    Removing system_cs32l010.o(.revsh_text), (4 bytes).
    Removing system_cs32l010.o(i.SystemCoreClockUpdate), (260 bytes).
    Removing dadd.o(.text), (356 bytes).
    Removing dmul.o(.text), (208 bytes).
    Removing ddiv.o(.text), (240 bytes).
    Removing dfixul.o(.text), (64 bytes).
    Removing cdrcmple.o(.text), (40 bytes).
    Removing depilogue.o(.text), (190 bytes).
    Removing depilogue.o(i.__ARM_clz), (46 bytes).

460 unused section(s) (total 28725 bytes) removed from the image.

==============================================================================

Image Symbol Table

    Local Symbols

    Symbol Name                              Value     Ov Type        Size  Object(Section)

    RESET                                    0x00000000   Section      192  startup_cs32l010.o(RESET)
    ../clib/microlib/division.c              0x00000000   Number         0  uldiv.o ABSOLUTE
    ../clib/microlib/division.c              0x00000000   Number         0  uidiv.o ABSOLUTE
    ../clib/microlib/init/entry.s            0x00000000   Number         0  entry10b.o ABSOLUTE
    ../clib/microlib/init/entry.s            0x00000000   Number         0  entry5.o ABSOLUTE
    ../clib/microlib/init/entry.s            0x00000000   Number         0  entry.o ABSOLUTE
    ../clib/microlib/init/entry.s            0x00000000   Number         0  entry2.o ABSOLUTE
    ../clib/microlib/init/entry.s            0x00000000   Number         0  entry9a.o ABSOLUTE
    ../clib/microlib/init/entry.s            0x00000000   Number         0  entry11b.o ABSOLUTE
    ../clib/microlib/init/entry.s            0x00000000   Number         0  entry11a.o ABSOLUTE
    ../clib/microlib/init/entry.s            0x00000000   Number         0  entry10a.o ABSOLUTE
    ../clib/microlib/init/entry.s            0x00000000   Number         0  entry9b.o ABSOLUTE
    ../clib/microlib/init/entry.s            0x00000000   Number         0  entry8b.o ABSOLUTE
    ../clib/microlib/init/entry.s            0x00000000   Number         0  entry8a.o ABSOLUTE
    ../clib/microlib/init/entry.s            0x00000000   Number         0  entry7b.o ABSOLUTE
    ../clib/microlib/init/entry.s            0x00000000   Number         0  entry7a.o ABSOLUTE
    ../clib/microlib/longlong.c              0x00000000   Number         0  llshl.o ABSOLUTE
    ../clib/microlib/longlong.c              0x00000000   Number         0  llsshr.o ABSOLUTE
    ../clib/microlib/longlong.c              0x00000000   Number         0  llushr.o ABSOLUTE
    ../clib/microlib/printf/printf.c         0x00000000   Number         0  printfb.o ABSOLUTE
    ../clib/microlib/printf/printf.c         0x00000000   Number         0  printf4.o ABSOLUTE
    ../clib/microlib/printf/printf.c         0x00000000   Number         0  printf8.o ABSOLUTE
    ../clib/microlib/printf/printf.c         0x00000000   Number         0  printf7.o ABSOLUTE
    ../clib/microlib/printf/printf.c         0x00000000   Number         0  printfa.o ABSOLUTE
    ../clib/microlib/printf/printf.c         0x00000000   Number         0  printf6.o ABSOLUTE
    ../clib/microlib/printf/printf.c         0x00000000   Number         0  printf5.o ABSOLUTE
    ../clib/microlib/printf/printf.c         0x00000000   Number         0  printf3.o ABSOLUTE
    ../clib/microlib/printf/printf.c         0x00000000   Number         0  printf2.o ABSOLUTE
    ../clib/microlib/printf/printf.c         0x00000000   Number         0  printf1.o ABSOLUTE
    ../clib/microlib/printf/printf.c         0x00000000   Number         0  printf0.o ABSOLUTE
    ../clib/microlib/printf/stubs.s          0x00000000   Number         0  stubs.o ABSOLUTE
    ../clib/microlib/stdio/streams.c         0x00000000   Number         0  stdout.o ABSOLUTE
    ../clib/microlib/string/memcpy.c         0x00000000   Number         0  memcpya.o ABSOLUTE
    ../clib/microlib/string/memcpy.c         0x00000000   Number         0  memcpyb.o ABSOLUTE
    ../clib/microlib/string/memset.c         0x00000000   Number         0  memseta.o ABSOLUTE
    ../clib/microlib/stubs.s                 0x00000000   Number         0  iusefp.o ABSOLUTE
    ../fplib/microlib/fpadd.c                0x00000000   Number         0  dadd.o ABSOLUTE
    ../fplib/microlib/fpdiv.c                0x00000000   Number         0  ddiv.o ABSOLUTE
    ../fplib/microlib/fpepilogue.c           0x00000000   Number         0  depilogue.o ABSOLUTE
    ../fplib/microlib/fpfix.c                0x00000000   Number         0  dfixul.o ABSOLUTE
    ../fplib/microlib/fpmul.c                0x00000000   Number         0  dmul.o ABSOLUTE
    Device\HAL_Driver\src\cs32l010_hal.c     0x00000000   Number         0  cs32l010_hal.o ABSOLUTE
    Device\HAL_Driver\src\cs32l010_hal_adc.c 0x00000000   Number         0  cs32l010_hal_adc.o ABSOLUTE
    Device\HAL_Driver\src\cs32l010_hal_awk.c 0x00000000   Number         0  cs32l010_hal_awk.o ABSOLUTE
    Device\HAL_Driver\src\cs32l010_hal_basetim.c 0x00000000   Number         0  cs32l010_hal_basetim.o ABSOLUTE
    Device\HAL_Driver\src\cs32l010_hal_beep.c 0x00000000   Number         0  cs32l010_hal_beep.o ABSOLUTE
    Device\HAL_Driver\src\cs32l010_hal_clktrim.c 0x00000000   Number         0  cs32l010_hal_clktrim.o ABSOLUTE
    Device\HAL_Driver\src\cs32l010_hal_cortex.c 0x00000000   Number         0  cs32l010_hal_cortex.o ABSOLUTE
    Device\HAL_Driver\src\cs32l010_hal_crc.c 0x00000000   Number         0  cs32l010_hal_crc.o ABSOLUTE
    Device\HAL_Driver\src\cs32l010_hal_flash.c 0x00000000   Number         0  cs32l010_hal_flash.o ABSOLUTE
    Device\HAL_Driver\src\cs32l010_hal_gpio.c 0x00000000   Number         0  cs32l010_hal_gpio.o ABSOLUTE
    Device\HAL_Driver\src\cs32l010_hal_i2c.c 0x00000000   Number         0  cs32l010_hal_i2c.o ABSOLUTE
    Device\HAL_Driver\src\cs32l010_hal_iwdg.c 0x00000000   Number         0  cs32l010_hal_iwdg.o ABSOLUTE
    Device\HAL_Driver\src\cs32l010_hal_lptim.c 0x00000000   Number         0  cs32l010_hal_lptim.o ABSOLUTE
    Device\HAL_Driver\src\cs32l010_hal_lpuart.c 0x00000000   Number         0  cs32l010_hal_lpuart.o ABSOLUTE
    Device\HAL_Driver\src\cs32l010_hal_lvd.c 0x00000000   Number         0  cs32l010_hal_lvd.o ABSOLUTE
    Device\HAL_Driver\src\cs32l010_hal_owire.c 0x00000000   Number         0  cs32l010_hal_owire.o ABSOLUTE
    Device\HAL_Driver\src\cs32l010_hal_pca.c 0x00000000   Number         0  cs32l010_hal_pca.o ABSOLUTE
    Device\HAL_Driver\src\cs32l010_hal_pwr.c 0x00000000   Number         0  cs32l010_hal_pwr.o ABSOLUTE
    Device\HAL_Driver\src\cs32l010_hal_rcc.c 0x00000000   Number         0  cs32l010_hal_rcc.o ABSOLUTE
    Device\HAL_Driver\src\cs32l010_hal_rtc.c 0x00000000   Number         0  cs32l010_hal_rtc.o ABSOLUTE
    Device\HAL_Driver\src\cs32l010_hal_spi.c 0x00000000   Number         0  cs32l010_hal_spi.o ABSOLUTE
    Device\HAL_Driver\src\cs32l010_hal_tim.c 0x00000000   Number         0  cs32l010_hal_tim.o ABSOLUTE
    Device\HAL_Driver\src\cs32l010_hal_uart.c 0x00000000   Number         0  cs32l010_hal_uart.o ABSOLUTE
    Device\HAL_Driver\src\cs32l010_hal_vc.c  0x00000000   Number         0  cs32l010_hal_vc.o ABSOLUTE
    Device\HAL_Driver\src\cs32l010_hal_wwdg.c 0x00000000   Number         0  cs32l010_hal_wwdg.o ABSOLUTE
    Device\\HAL_Driver\\src\\cs32l010_hal.c  0x00000000   Number         0  cs32l010_hal.o ABSOLUTE
    Device\\HAL_Driver\\src\\cs32l010_hal_adc.c 0x00000000   Number         0  cs32l010_hal_adc.o ABSOLUTE
    Device\\HAL_Driver\\src\\cs32l010_hal_awk.c 0x00000000   Number         0  cs32l010_hal_awk.o ABSOLUTE
    Device\\HAL_Driver\\src\\cs32l010_hal_basetim.c 0x00000000   Number         0  cs32l010_hal_basetim.o ABSOLUTE
    Device\\HAL_Driver\\src\\cs32l010_hal_beep.c 0x00000000   Number         0  cs32l010_hal_beep.o ABSOLUTE
    Device\\HAL_Driver\\src\\cs32l010_hal_clktrim.c 0x00000000   Number         0  cs32l010_hal_clktrim.o ABSOLUTE
    Device\\HAL_Driver\\src\\cs32l010_hal_cortex.c 0x00000000   Number         0  cs32l010_hal_cortex.o ABSOLUTE
    Device\\HAL_Driver\\src\\cs32l010_hal_crc.c 0x00000000   Number         0  cs32l010_hal_crc.o ABSOLUTE
    Device\\HAL_Driver\\src\\cs32l010_hal_flash.c 0x00000000   Number         0  cs32l010_hal_flash.o ABSOLUTE
    Device\\HAL_Driver\\src\\cs32l010_hal_gpio.c 0x00000000   Number         0  cs32l010_hal_gpio.o ABSOLUTE
    Device\\HAL_Driver\\src\\cs32l010_hal_i2c.c 0x00000000   Number         0  cs32l010_hal_i2c.o ABSOLUTE
    Device\\HAL_Driver\\src\\cs32l010_hal_iwdg.c 0x00000000   Number         0  cs32l010_hal_iwdg.o ABSOLUTE
    Device\\HAL_Driver\\src\\cs32l010_hal_lptim.c 0x00000000   Number         0  cs32l010_hal_lptim.o ABSOLUTE
    Device\\HAL_Driver\\src\\cs32l010_hal_lpuart.c 0x00000000   Number         0  cs32l010_hal_lpuart.o ABSOLUTE
    Device\\HAL_Driver\\src\\cs32l010_hal_lvd.c 0x00000000   Number         0  cs32l010_hal_lvd.o ABSOLUTE
    Device\\HAL_Driver\\src\\cs32l010_hal_owire.c 0x00000000   Number         0  cs32l010_hal_owire.o ABSOLUTE
    Device\\HAL_Driver\\src\\cs32l010_hal_pca.c 0x00000000   Number         0  cs32l010_hal_pca.o ABSOLUTE
    Device\\HAL_Driver\\src\\cs32l010_hal_pwr.c 0x00000000   Number         0  cs32l010_hal_pwr.o ABSOLUTE
    Device\\HAL_Driver\\src\\cs32l010_hal_rcc.c 0x00000000   Number         0  cs32l010_hal_rcc.o ABSOLUTE
    Device\\HAL_Driver\\src\\cs32l010_hal_rtc.c 0x00000000   Number         0  cs32l010_hal_rtc.o ABSOLUTE
    Device\\HAL_Driver\\src\\cs32l010_hal_spi.c 0x00000000   Number         0  cs32l010_hal_spi.o ABSOLUTE
    Device\\HAL_Driver\\src\\cs32l010_hal_tim.c 0x00000000   Number         0  cs32l010_hal_tim.o ABSOLUTE
    Device\\HAL_Driver\\src\\cs32l010_hal_uart.c 0x00000000   Number         0  cs32l010_hal_uart.o ABSOLUTE
    Device\\HAL_Driver\\src\\cs32l010_hal_vc.c 0x00000000   Number         0  cs32l010_hal_vc.o ABSOLUTE
    Device\\HAL_Driver\\src\\cs32l010_hal_wwdg.c 0x00000000   Number         0  cs32l010_hal_wwdg.o ABSOLUTE
    Main\\main.c                             0x00000000   Number         0  main.o ABSOLUTE
    Main\main.c                              0x00000000   Number         0  main.o ABSOLUTE
    RTE\Device\CS32L010\startup_cs32l010.s   0x00000000   Number         0  startup_cs32l010.o ABSOLUTE
    RTE\Device\CS32L010\system_cs32l010.c    0x00000000   Number         0  system_cs32l010.o ABSOLUTE
    RTE\\Device\\CS32L010\\system_cs32l010.c 0x00000000   Number         0  system_cs32l010.o ABSOLUTE
    User\DFRobot_ADC.c                       0x00000000   Number         0  dfrobot_adc.o ABSOLUTE
    User\DFRobot_I2C_Slave.c                 0x00000000   Number         0  dfrobot_i2c_slave.o ABSOLUTE
    User\DFRobot_Motordriver.c               0x00000000   Number         0  dfrobot_motordriver.o ABSOLUTE
    User\\DFRobot_ADC.c                      0x00000000   Number         0  dfrobot_adc.o ABSOLUTE
    User\\DFRobot_I2C_Slave.c                0x00000000   Number         0  dfrobot_i2c_slave.o ABSOLUTE
    User\\DFRobot_Motordriver.c              0x00000000   Number         0  dfrobot_motordriver.o ABSOLUTE
    User\\cs32l010_hal_msp.c                 0x00000000   Number         0  cs32l010_hal_msp.o ABSOLUTE
    User\\cs32l010_it.c                      0x00000000   Number         0  cs32l010_it.o ABSOLUTE
    User\\log.c                              0x00000000   Number         0  log.o ABSOLUTE
    User\cs32l010_hal_msp.c                  0x00000000   Number         0  cs32l010_hal_msp.o ABSOLUTE
    User\cs32l010_it.c                       0x00000000   Number         0  cs32l010_it.o ABSOLUTE
    User\log.c                               0x00000000   Number         0  log.o ABSOLUTE
    cdrcmple.s                               0x00000000   Number         0  cdrcmple.o ABSOLUTE
    dc.s                                     0x00000000   Number         0  dc.o ABSOLUTE
    handlers.s                               0x00000000   Number         0  handlers.o ABSOLUTE
    init.s                                   0x00000000   Number         0  init.o ABSOLUTE
    .ARM.Collect$$$$00000000                 0x000000c0   Section        0  entry.o(.ARM.Collect$$$$00000000)
    .ARM.Collect$$$$00000001                 0x000000c0   Section        4  entry2.o(.ARM.Collect$$$$00000001)
    .ARM.Collect$$$$00000004                 0x000000c4   Section        4  entry5.o(.ARM.Collect$$$$00000004)
    .ARM.Collect$$$$00000008                 0x000000c8   Section        0  entry7b.o(.ARM.Collect$$$$00000008)
    .ARM.Collect$$$$0000000A                 0x000000c8   Section        0  entry8b.o(.ARM.Collect$$$$0000000A)
    .ARM.Collect$$$$0000000B                 0x000000c8   Section        8  entry9a.o(.ARM.Collect$$$$0000000B)
    .ARM.Collect$$$$0000000D                 0x000000d0   Section        0  entry10a.o(.ARM.Collect$$$$0000000D)
    .ARM.Collect$$$$0000000F                 0x000000d0   Section        0  entry11a.o(.ARM.Collect$$$$0000000F)
    .ARM.Collect$$$$00002712                 0x000000d0   Section        4  entry2.o(.ARM.Collect$$$$00002712)
    __lit__00000000                          0x000000d0   Data           4  entry2.o(.ARM.Collect$$$$00002712)
    .text                                    0x000000d4   Section       28  startup_cs32l010.o(.text)
    .text                                    0x000000f0   Section        0  uidiv.o(.text)
    .text                                    0x0000011c   Section        0  memcpya.o(.text)
    .text                                    0x00000140   Section        0  memseta.o(.text)
    .text                                    0x00000164   Section       36  init.o(.text)
    i.ADC_ConversionStatus_Reset             0x00000188   Section        0  cs32l010_hal_adc.o(i.ADC_ConversionStatus_Reset)
    i.ADC_Enable                             0x000001e0   Section        0  cs32l010_hal_adc.o(i.ADC_Enable)
    i.ADC_IRQHandler                         0x00000268   Section        0  cs32l010_it.o(i.ADC_IRQHandler)
    i.AWK_IRQHandler                         0x00000278   Section        0  cs32l010_it.o(i.AWK_IRQHandler)
    i.CLKTRIM_IRQHandler                     0x0000027a   Section        0  cs32l010_it.o(i.CLKTRIM_IRQHandler)
    i.Error_Handler                          0x0000027c   Section        0  main.o(i.Error_Handler)
    i.FLASH_IRQHandler                       0x00000280   Section        0  cs32l010_it.o(i.FLASH_IRQHandler)
    i.GPIOA_IRQHandler                       0x00000282   Section        0  cs32l010_it.o(i.GPIOA_IRQHandler)
    i.GPIOB_IRQHandler                       0x00000284   Section        0  cs32l010_it.o(i.GPIOB_IRQHandler)
    i.GPIOC_IRQHandler                       0x00000286   Section        0  cs32l010_it.o(i.GPIOC_IRQHandler)
    i.GPIOD_IRQHandler                       0x00000288   Section        0  cs32l010_it.o(i.GPIOD_IRQHandler)
    i.HAL_ADC_ConvCpltCallback               0x0000028a   Section        0  cs32l010_hal_adc.o(i.HAL_ADC_ConvCpltCallback)
    i.HAL_ADC_GetValue                       0x0000028c   Section        0  cs32l010_hal_adc.o(i.HAL_ADC_GetValue)
    i.HAL_ADC_IRQHandler                     0x000002f8   Section        0  cs32l010_hal_adc.o(i.HAL_ADC_IRQHandler)
    i.HAL_ADC_Init                           0x0000061c   Section        0  cs32l010_hal_adc.o(i.HAL_ADC_Init)
    i.HAL_ADC_LevelOutOfRangeCallback        0x00000730   Section        0  cs32l010_hal_adc.o(i.HAL_ADC_LevelOutOfRangeCallback)
    i.HAL_ADC_MspInit                        0x00000732   Section        0  cs32l010_hal_adc.o(i.HAL_ADC_MspInit)
    i.HAL_ADC_MultiChannel0_ConvCpltCallback 0x00000734   Section        0  cs32l010_hal_adc.o(i.HAL_ADC_MultiChannel0_ConvCpltCallback)
    i.HAL_ADC_MultiChannel1_ConvCpltCallback 0x00000736   Section        0  cs32l010_hal_adc.o(i.HAL_ADC_MultiChannel1_ConvCpltCallback)
    i.HAL_ADC_MultiChannel2_ConvCpltCallback 0x00000738   Section        0  cs32l010_hal_adc.o(i.HAL_ADC_MultiChannel2_ConvCpltCallback)
    i.HAL_ADC_MultiChannel3_ConvCpltCallback 0x0000073c   Section        0  dfrobot_adc.o(i.HAL_ADC_MultiChannel3_ConvCpltCallback)
    i.HAL_ADC_MultiChannel4_ConvCpltCallback 0x00000760   Section        0  cs32l010_hal_adc.o(i.HAL_ADC_MultiChannel4_ConvCpltCallback)
    i.HAL_ADC_MultiChannel5_ConvCpltCallback 0x00000762   Section        0  cs32l010_hal_adc.o(i.HAL_ADC_MultiChannel5_ConvCpltCallback)
    i.HAL_ADC_MultiChannel6_ConvCpltCallback 0x00000764   Section        0  cs32l010_hal_adc.o(i.HAL_ADC_MultiChannel6_ConvCpltCallback)
    i.HAL_ADC_MultiChannel7_ConvCpltCallback 0x00000766   Section        0  cs32l010_hal_adc.o(i.HAL_ADC_MultiChannel7_ConvCpltCallback)
    i.HAL_ADC_SingleChannel_ConvCpltCallback 0x00000768   Section        0  cs32l010_hal_adc.o(i.HAL_ADC_SingleChannel_ConvCpltCallback)
    i.HAL_ADC_Start_IT                       0x0000076c   Section        0  cs32l010_hal_adc.o(i.HAL_ADC_Start_IT)
    i.HAL_ADC_ThresholdConfig                0x00000910   Section        0  cs32l010_hal_adc.o(i.HAL_ADC_ThresholdConfig)
    i.HAL_Delay                              0x000009e0   Section        0  cs32l010_hal.o(i.HAL_Delay)
    i.HAL_GPIO_Init                          0x00000a0c   Section        0  cs32l010_hal_gpio.o(i.HAL_GPIO_Init)
    i.HAL_GetTick                            0x00000c88   Section        0  cs32l010_hal.o(i.HAL_GetTick)
    i.HAL_I2C_ACK_Config                     0x00000c94   Section        0  cs32l010_hal_i2c.o(i.HAL_I2C_ACK_Config)
    i.HAL_I2C_Check_Flag                     0x00000cb4   Section        0  cs32l010_hal_i2c.o(i.HAL_I2C_Check_Flag)
    i.HAL_I2C_Clear_Interrupt_Flag           0x00000cd2   Section        0  cs32l010_hal_i2c.o(i.HAL_I2C_Clear_Interrupt_Flag)
    i.HAL_I2C_Get_Interrupt_Flag             0x00000ce0   Section        0  cs32l010_hal_i2c.o(i.HAL_I2C_Get_Interrupt_Flag)
    i.HAL_I2C_IRQHandler                     0x00000cee   Section        0  cs32l010_hal_i2c.o(i.HAL_I2C_IRQHandler)
    i.HAL_I2C_Init                           0x00000d08   Section        0  cs32l010_hal_i2c.o(i.HAL_I2C_Init)
    i.HAL_I2C_MasterCallback                 0x00000dfa   Section        0  cs32l010_hal_i2c.o(i.HAL_I2C_MasterCallback)
    i.HAL_I2C_MspInit                        0x00000dfc   Section        0  cs32l010_hal_i2c.o(i.HAL_I2C_MspInit)
    i.HAL_I2C_Send_Byte                      0x00000dfe   Section        0  cs32l010_hal_i2c.o(i.HAL_I2C_Send_Byte)
    i.HAL_I2C_SlaveCallback                  0x00000e10   Section        0  dfrobot_i2c_slave.o(i.HAL_I2C_SlaveCallback)
    i.HAL_I2C_Wait_Flag                      0x00000f04   Section        0  cs32l010_hal_i2c.o(i.HAL_I2C_Wait_Flag)
    i.HAL_IncTick                            0x00000f40   Section        0  cs32l010_hal.o(i.HAL_IncTick)
    i.HAL_Init                               0x00000f58   Section        0  cs32l010_hal.o(i.HAL_Init)
    i.HAL_InitTick                           0x00000f68   Section        0  cs32l010_hal.o(i.HAL_InitTick)
    i.HAL_MspInit                            0x00000fbc   Section        0  cs32l010_hal_msp.o(i.HAL_MspInit)
    i.HAL_NVIC_DisableIRQ                    0x00000fc0   Section        0  cs32l010_hal_cortex.o(i.HAL_NVIC_DisableIRQ)
    i.HAL_NVIC_EnableIRQ                     0x00000fd8   Section        0  cs32l010_hal_cortex.o(i.HAL_NVIC_EnableIRQ)
    i.HAL_NVIC_SetPriority                   0x00000ff0   Section        0  cs32l010_hal_cortex.o(i.HAL_NVIC_SetPriority)
    i.HAL_PCA_IRQHandler                     0x00001000   Section        0  cs32l010_hal_pca.o(i.HAL_PCA_IRQHandler)
    i.HAL_PCA_InputCaptureCallback           0x00001194   Section        0  cs32l010_hal_pca.o(i.HAL_PCA_InputCaptureCallback)
    i.HAL_PCA_OC_ConfigChannel               0x00001196   Section        0  cs32l010_hal_pca.o(i.HAL_PCA_OC_ConfigChannel)
    i.HAL_PCA_OC_Init                        0x00001200   Section        0  cs32l010_hal_pca.o(i.HAL_PCA_OC_Init)
    i.HAL_PCA_OC_MspInit                     0x0000122e   Section        0  cs32l010_hal_pca.o(i.HAL_PCA_OC_MspInit)
    i.HAL_PCA_OC_Start                       0x00001230   Section        0  cs32l010_hal_pca.o(i.HAL_PCA_OC_Start)
    i.HAL_PCA_OutputCompareCallback          0x000012bc   Section        0  cs32l010_hal_pca.o(i.HAL_PCA_OutputCompareCallback)
    i.HAL_PCA_OverflowCallback               0x000012be   Section        0  cs32l010_hal_pca.o(i.HAL_PCA_OverflowCallback)
    i.HAL_RCC_ClockConfig                    0x000012c0   Section        0  cs32l010_hal_rcc.o(i.HAL_RCC_ClockConfig)
    i.HAL_RCC_GetHCLKFreq                    0x00001498   Section        0  cs32l010_hal_rcc.o(i.HAL_RCC_GetHCLKFreq)
    i.HAL_RCC_GetPCLKFreq                    0x000014a4   Section        0  cs32l010_hal_rcc.o(i.HAL_RCC_GetPCLKFreq)
    i.HAL_RCC_GetSysClockFreq                0x000014cc   Section        0  cs32l010_hal_rcc.o(i.HAL_RCC_GetSysClockFreq)
    i.HAL_RCC_OscConfig                      0x00001580   Section        0  cs32l010_hal_rcc.o(i.HAL_RCC_OscConfig)
    i.HAL_SYSTICK_Config                     0x000019f0   Section        0  cs32l010_hal_cortex.o(i.HAL_SYSTICK_Config)
    i.HAL_TIM_BreakCallback                  0x00001a28   Section        0  cs32l010_hal_tim.o(i.HAL_TIM_BreakCallback)
    i.HAL_TIM_CommutationCallback            0x00001a2a   Section        0  cs32l010_hal_tim.o(i.HAL_TIM_CommutationCallback)
    i.HAL_TIM_IC_CaptureCallback             0x00001a2c   Section        0  cs32l010_hal_tim.o(i.HAL_TIM_IC_CaptureCallback)
    i.HAL_TIM_IRQHandler                     0x00001a2e   Section        0  cs32l010_hal_tim.o(i.HAL_TIM_IRQHandler)
    i.HAL_TIM_OC_DelayElapsedCallback        0x00001bf6   Section        0  cs32l010_hal_tim.o(i.HAL_TIM_OC_DelayElapsedCallback)
    i.HAL_TIM_PWM_ConfigChannel              0x00001bf8   Section        0  cs32l010_hal_tim.o(i.HAL_TIM_PWM_ConfigChannel)
    i.HAL_TIM_PWM_Init                       0x00001d00   Section        0  cs32l010_hal_tim.o(i.HAL_TIM_PWM_Init)
    i.HAL_TIM_PWM_MspInit                    0x00001d2e   Section        0  cs32l010_hal_tim.o(i.HAL_TIM_PWM_MspInit)
    i.HAL_TIM_PWM_PulseFinishedCallback      0x00001d30   Section        0  dfrobot_motordriver.o(i.HAL_TIM_PWM_PulseFinishedCallback)
    i.HAL_TIM_PWM_Start_IT                   0x00001e58   Section        0  cs32l010_hal_tim.o(i.HAL_TIM_PWM_Start_IT)
    i.HAL_TIM_PeriodElapsedCallback          0x00001eec   Section        0  cs32l010_hal_tim.o(i.HAL_TIM_PeriodElapsedCallback)
    i.HAL_TIM_TriggerCallback                0x00001eee   Section        0  cs32l010_hal_tim.o(i.HAL_TIM_TriggerCallback)
    i.HAL_UART_ErrorCallback                 0x00001ef0   Section        0  cs32l010_hal_uart.o(i.HAL_UART_ErrorCallback)
    i.HAL_UART_IRQHandler                    0x00001ef2   Section        0  cs32l010_hal_uart.o(i.HAL_UART_IRQHandler)
    i.HAL_UART_RxCpltCallback                0x00001f92   Section        0  cs32l010_hal_uart.o(i.HAL_UART_RxCpltCallback)
    i.HAL_UART_TxCpltCallback                0x00001f94   Section        0  cs32l010_hal_uart.o(i.HAL_UART_TxCpltCallback)
    i.HardFault_Handler                      0x00001f96   Section        0  cs32l010_it.o(i.HardFault_Handler)
    i.I2C_IRQHandler                         0x00001f9c   Section        0  cs32l010_it.o(i.I2C_IRQHandler)
    i.IWDG_IRQHandler                        0x00001fac   Section        0  cs32l010_it.o(i.IWDG_IRQHandler)
    i.LPTIM_IRQHandler                       0x00001fae   Section        0  cs32l010_it.o(i.LPTIM_IRQHandler)
    i.LPUART_IRQHandler                      0x00001fb0   Section        0  cs32l010_it.o(i.LPUART_IRQHandler)
    i.LVD_IRQHandler                         0x00001fb2   Section        0  cs32l010_it.o(i.LVD_IRQHandler)
    i.NMI_Handler                            0x00001fb4   Section        0  cs32l010_it.o(i.NMI_Handler)
    i.NVIC_SetPriority                       0x00001fb8   Section        0  cs32l010_hal_cortex.o(i.NVIC_SetPriority)
    NVIC_SetPriority                         0x00001fb9   Thumb Code   110  cs32l010_hal_cortex.o(i.NVIC_SetPriority)
    i.OWIRE_IRQHandler                       0x00002030   Section        0  cs32l010_it.o(i.OWIRE_IRQHandler)
    i.PCA_Base_SetConfig                     0x00002032   Section        0  cs32l010_hal_pca.o(i.PCA_Base_SetConfig)
    PCA_Base_SetConfig                       0x00002033   Thumb Code    26  cs32l010_hal_pca.o(i.PCA_Base_SetConfig)
    i.PCA_IRQHandler                         0x0000204c   Section        0  cs32l010_it.o(i.PCA_IRQHandler)
    i.PCA_OC0_SetConfig                      0x0000205c   Section        0  cs32l010_hal_pca.o(i.PCA_OC0_SetConfig)
    PCA_OC0_SetConfig                        0x0000205d   Thumb Code    28  cs32l010_hal_pca.o(i.PCA_OC0_SetConfig)
    i.PCA_OC1_SetConfig                      0x00002078   Section        0  cs32l010_hal_pca.o(i.PCA_OC1_SetConfig)
    PCA_OC1_SetConfig                        0x00002079   Thumb Code    28  cs32l010_hal_pca.o(i.PCA_OC1_SetConfig)
    i.PCA_OC2_SetConfig                      0x00002094   Section        0  cs32l010_hal_pca.o(i.PCA_OC2_SetConfig)
    PCA_OC2_SetConfig                        0x00002095   Thumb Code    28  cs32l010_hal_pca.o(i.PCA_OC2_SetConfig)
    i.PCA_OC3_SetConfig                      0x000020b0   Section        0  cs32l010_hal_pca.o(i.PCA_OC3_SetConfig)
    PCA_OC3_SetConfig                        0x000020b1   Thumb Code    28  cs32l010_hal_pca.o(i.PCA_OC3_SetConfig)
    i.PCA_OC4_SetConfig                      0x000020cc   Section        0  cs32l010_hal_pca.o(i.PCA_OC4_SetConfig)
    PCA_OC4_SetConfig                        0x000020cd   Thumb Code    28  cs32l010_hal_pca.o(i.PCA_OC4_SetConfig)
    i.PWM_gpio_init                          0x000020e8   Section        0  dfrobot_motordriver.o(i.PWM_gpio_init)
    i.PendSV_Handler                         0x000021e0   Section        0  cs32l010_it.o(i.PendSV_Handler)
    i.RCC_Delay                              0x000021e4   Section        0  cs32l010_hal_rcc.o(i.RCC_Delay)
    RCC_Delay                                0x000021e5   Thumb Code    38  cs32l010_hal_rcc.o(i.RCC_Delay)
    i.RTC_IRQHandler                         0x00002210   Section        0  cs32l010_it.o(i.RTC_IRQHandler)
    i.SPI_IRQHandler                         0x00002212   Section        0  cs32l010_it.o(i.SPI_IRQHandler)
    i.SVC_Handler                            0x00002214   Section        0  cs32l010_it.o(i.SVC_Handler)
    i.SysTick_Handler                        0x00002216   Section        0  cs32l010_it.o(i.SysTick_Handler)
    i.SystemClock_Config                     0x00002220   Section        0  main.o(i.SystemClock_Config)
    i.SystemInit                             0x00002274   Section        0  system_cs32l010.o(i.SystemInit)
    i.TIM10_IRQHandler                       0x000022b4   Section        0  cs32l010_it.o(i.TIM10_IRQHandler)
    i.TIM11_IRQHandler                       0x000022b6   Section        0  cs32l010_it.o(i.TIM11_IRQHandler)
    i.TIM1_IRQHandler                        0x000022b8   Section        0  cs32l010_it.o(i.TIM1_IRQHandler)
    i.TIM2_IRQHandler                        0x000022c8   Section        0  cs32l010_it.o(i.TIM2_IRQHandler)
    i.TIM_Base_SetConfig                     0x000022d8   Section        0  cs32l010_hal_tim.o(i.TIM_Base_SetConfig)
    i.TIM_CCxChannelCmd                      0x00002340   Section        0  cs32l010_hal_tim.o(i.TIM_CCxChannelCmd)
    i.TIM_OC1_SetConfig                      0x0000235c   Section        0  cs32l010_hal_tim.o(i.TIM_OC1_SetConfig)
    TIM_OC1_SetConfig                        0x0000235d   Thumb Code   120  cs32l010_hal_tim.o(i.TIM_OC1_SetConfig)
    i.TIM_OC2_SetConfig                      0x000023d8   Section        0  cs32l010_hal_tim.o(i.TIM_OC2_SetConfig)
    i.TIM_OC3_SetConfig                      0x00002468   Section        0  cs32l010_hal_tim.o(i.TIM_OC3_SetConfig)
    TIM_OC3_SetConfig                        0x00002469   Thumb Code   132  cs32l010_hal_tim.o(i.TIM_OC3_SetConfig)
    i.TIM_OC4_SetConfig                      0x000024f0   Section        0  cs32l010_hal_tim.o(i.TIM_OC4_SetConfig)
    TIM_OC4_SetConfig                        0x000024f1   Thumb Code    98  cs32l010_hal_tim.o(i.TIM_OC4_SetConfig)
    i.TimerChannelInit                       0x00002558   Section        0  dfrobot_motordriver.o(i.TimerChannelInit)
    i.UART0_IRQHandler                       0x0000278c   Section        0  cs32l010_it.o(i.UART0_IRQHandler)
    i.UART1_IRQHandler                       0x0000279c   Section        0  cs32l010_it.o(i.UART1_IRQHandler)
    i.UART_Receive_IT                        0x000027a0   Section        0  cs32l010_hal_uart.o(i.UART_Receive_IT)
    i.UART_Transmit_IT                       0x0000289c   Section        0  cs32l010_hal_uart.o(i.UART_Transmit_IT)
    i.VC_IRQHandler                          0x0000294c   Section        0  cs32l010_it.o(i.VC_IRQHandler)
    i.WWDG_IRQHandler                        0x0000294e   Section        0  cs32l010_it.o(i.WWDG_IRQHandler)
    i.__ARM_common_switch8                   0x00002950   Section        0  cs32l010_hal_adc.o(i.__ARM_common_switch8)
    i.__scatterload_copy                     0x0000296c   Section       14  handlers.o(i.__scatterload_copy)
    i.__scatterload_null                     0x0000297a   Section        2  handlers.o(i.__scatterload_null)
    i.__scatterload_zeroinit                 0x0000297c   Section       14  handlers.o(i.__scatterload_zeroinit)
    i.adc_init                               0x0000298c   Section        0  dfrobot_adc.o(i.adc_init)
    i.i2cIRQConfig                           0x00002a14   Section        0  dfrobot_i2c_slave.o(i.i2cIRQConfig)
    i.i2cInitSlave                           0x00002a28   Section        0  dfrobot_i2c_slave.o(i.i2cInitSlave)
    i.main                                   0x00002ac0   Section        0  main.o(i.main)
    i.pwm_init                               0x00002c44   Section        0  main.o(i.pwm_init)
    pwm_init                                 0x00002c45   Thumb Code    12  main.o(i.pwm_init)
    .constdata                               0x00002c50   Section      256  cs32l010_hal_uart.o(.constdata)
    ParityTable256                           0x00002c50   Data         256  cs32l010_hal_uart.o(.constdata)
    .data                                    0x20000000   Section        4  dfrobot_i2c_slave.o(.data)
    .data                                    0x20000004   Section        9  cs32l010_hal.o(.data)
    .data                                    0x20000010   Section        4  system_cs32l010.o(.data)
    .bss                                     0x20000014   Section      136  main.o(.bss)
    .bss                                     0x2000009c   Section      104  dfrobot_i2c_slave.o(.bss)
    .bss                                     0x20000104   Section       92  dfrobot_motordriver.o(.bss)
    .bss                                     0x20000160   Section       72  dfrobot_adc.o(.bss)
    STACK                                    0x200001a8   Section      512  startup_cs32l010.o(STACK)

    Global Symbols

    Symbol Name                              Value     Ov Type        Size  Object(Section)

    BuildAttributes$$THM_ISAv3M$S$PE$A:L22$X:L11$S22$IEEE1$IW$USESV6$~STKCKD$USESV7$~SHL$OSPACE$ROPI$EBA8$MICROLIB$REQ8$PRES8$EABIv2 0x00000000   Number         0  anon$$obj.o ABSOLUTE
    __ARM_use_no_argv                        0x00000000   Number         0  main.o ABSOLUTE
    __Vectors                                0x00000000   Data           4  startup_cs32l010.o(RESET)
    _printf_a                                0x00000000   Number         0  stubs.o ABSOLUTE
    _printf_c                                0x00000000   Number         0  stubs.o ABSOLUTE
    _printf_charcount                        0x00000000   Number         0  stubs.o ABSOLUTE
    _printf_d                                0x00000000   Number         0  stubs.o ABSOLUTE
    _printf_e                                0x00000000   Number         0  stubs.o ABSOLUTE
    _printf_f                                0x00000000   Number         0  stubs.o ABSOLUTE
    _printf_flags                            0x00000000   Number         0  stubs.o ABSOLUTE
    _printf_fp_dec                           0x00000000   Number         0  stubs.o ABSOLUTE
    _printf_fp_hex                           0x00000000   Number         0  stubs.o ABSOLUTE
    _printf_g                                0x00000000   Number         0  stubs.o ABSOLUTE
    _printf_i                                0x00000000   Number         0  stubs.o ABSOLUTE
    _printf_int_dec                          0x00000000   Number         0  stubs.o ABSOLUTE
    _printf_l                                0x00000000   Number         0  stubs.o ABSOLUTE
    _printf_lc                               0x00000000   Number         0  stubs.o ABSOLUTE
    _printf_ll                               0x00000000   Number         0  stubs.o ABSOLUTE
    _printf_lld                              0x00000000   Number         0  stubs.o ABSOLUTE
    _printf_lli                              0x00000000   Number         0  stubs.o ABSOLUTE
    _printf_llo                              0x00000000   Number         0  stubs.o ABSOLUTE
    _printf_llu                              0x00000000   Number         0  stubs.o ABSOLUTE
    _printf_llx                              0x00000000   Number         0  stubs.o ABSOLUTE
    _printf_longlong_dec                     0x00000000   Number         0  stubs.o ABSOLUTE
    _printf_longlong_hex                     0x00000000   Number         0  stubs.o ABSOLUTE
    _printf_longlong_oct                     0x00000000   Number         0  stubs.o ABSOLUTE
    _printf_ls                               0x00000000   Number         0  stubs.o ABSOLUTE
    _printf_mbtowc                           0x00000000   Number         0  stubs.o ABSOLUTE
    _printf_n                                0x00000000   Number         0  stubs.o ABSOLUTE
    _printf_o                                0x00000000   Number         0  stubs.o ABSOLUTE
    _printf_p                                0x00000000   Number         0  stubs.o ABSOLUTE
    _printf_percent                          0x00000000   Number         0  stubs.o ABSOLUTE
    _printf_pre_padding                      0x00000000   Number         0  stubs.o ABSOLUTE
    _printf_return_value                     0x00000000   Number         0  stubs.o ABSOLUTE
    _printf_s                                0x00000000   Number         0  stubs.o ABSOLUTE
    _printf_sizespec                         0x00000000   Number         0  stubs.o ABSOLUTE
    _printf_str                              0x00000000   Number         0  stubs.o ABSOLUTE
    _printf_truncate_signed                  0x00000000   Number         0  stubs.o ABSOLUTE
    _printf_truncate_unsigned                0x00000000   Number         0  stubs.o ABSOLUTE
    _printf_u                                0x00000000   Number         0  stubs.o ABSOLUTE
    _printf_wc                               0x00000000   Number         0  stubs.o ABSOLUTE
    _printf_wctomb                           0x00000000   Number         0  stubs.o ABSOLUTE
    _printf_widthprec                        0x00000000   Number         0  stubs.o ABSOLUTE
    _printf_x                                0x00000000   Number         0  stubs.o ABSOLUTE
    __cpp_initialize__aeabi_                  - Undefined Weak Reference
    __cxa_finalize                            - Undefined Weak Reference
    __decompress                              - Undefined Weak Reference
    _clock_init                               - Undefined Weak Reference
    _microlib_exit                            - Undefined Weak Reference
    __Vectors_End                            0x000000c0   Data           0  startup_cs32l010.o(RESET)
    __Vectors_Size                           0x000000c0   Number         0  startup_cs32l010.o ABSOLUTE
    __main                                   0x000000c1   Thumb Code     0  entry.o(.ARM.Collect$$$$00000000)
    _main_stk                                0x000000c1   Thumb Code     0  entry2.o(.ARM.Collect$$$$00000001)
    _main_scatterload                        0x000000c5   Thumb Code     0  entry5.o(.ARM.Collect$$$$00000004)
    __main_after_scatterload                 0x000000c9   Thumb Code     0  entry5.o(.ARM.Collect$$$$00000004)
    _main_clock                              0x000000c9   Thumb Code     0  entry7b.o(.ARM.Collect$$$$00000008)
    _main_cpp_init                           0x000000c9   Thumb Code     0  entry8b.o(.ARM.Collect$$$$0000000A)
    _main_init                               0x000000c9   Thumb Code     0  entry9a.o(.ARM.Collect$$$$0000000B)
    __rt_final_cpp                           0x000000d1   Thumb Code     0  entry10a.o(.ARM.Collect$$$$0000000D)
    __rt_final_exit                          0x000000d1   Thumb Code     0  entry11a.o(.ARM.Collect$$$$0000000F)
    Reset_Handler                            0x000000d5   Thumb Code     8  startup_cs32l010.o(.text)
    __aeabi_uidiv                            0x000000f1   Thumb Code     0  uidiv.o(.text)
    __aeabi_uidivmod                         0x000000f1   Thumb Code    44  uidiv.o(.text)
    __aeabi_memcpy                           0x0000011d   Thumb Code    36  memcpya.o(.text)
    __aeabi_memcpy4                          0x0000011d   Thumb Code     0  memcpya.o(.text)
    __aeabi_memcpy8                          0x0000011d   Thumb Code     0  memcpya.o(.text)
    __aeabi_memset                           0x00000141   Thumb Code    14  memseta.o(.text)
    __aeabi_memset4                          0x00000141   Thumb Code     0  memseta.o(.text)
    __aeabi_memset8                          0x00000141   Thumb Code     0  memseta.o(.text)
    __aeabi_memclr                           0x0000014f   Thumb Code     4  memseta.o(.text)
    __aeabi_memclr4                          0x0000014f   Thumb Code     0  memseta.o(.text)
    __aeabi_memclr8                          0x0000014f   Thumb Code     0  memseta.o(.text)
    _memset$wrapper                          0x00000153   Thumb Code    18  memseta.o(.text)
    __scatterload                            0x00000165   Thumb Code    28  init.o(.text)
    __scatterload_rt2                        0x00000165   Thumb Code     0  init.o(.text)
    ADC_ConversionStatus_Reset               0x00000189   Thumb Code    86  cs32l010_hal_adc.o(i.ADC_ConversionStatus_Reset)
    ADC_Enable                               0x000001e1   Thumb Code   126  cs32l010_hal_adc.o(i.ADC_Enable)
    ADC_IRQHandler                           0x00000269   Thumb Code    10  cs32l010_it.o(i.ADC_IRQHandler)
    AWK_IRQHandler                           0x00000279   Thumb Code     2  cs32l010_it.o(i.AWK_IRQHandler)
    CLKTRIM_IRQHandler                       0x0000027b   Thumb Code     2  cs32l010_it.o(i.CLKTRIM_IRQHandler)
    Error_Handler                            0x0000027d   Thumb Code     4  main.o(i.Error_Handler)
    FLASH_IRQHandler                         0x00000281   Thumb Code     2  cs32l010_it.o(i.FLASH_IRQHandler)
    GPIOA_IRQHandler                         0x00000283   Thumb Code     2  cs32l010_it.o(i.GPIOA_IRQHandler)
    GPIOB_IRQHandler                         0x00000285   Thumb Code     2  cs32l010_it.o(i.GPIOB_IRQHandler)
    GPIOC_IRQHandler                         0x00000287   Thumb Code     2  cs32l010_it.o(i.GPIOC_IRQHandler)
    GPIOD_IRQHandler                         0x00000289   Thumb Code     2  cs32l010_it.o(i.GPIOD_IRQHandler)
    HAL_ADC_ConvCpltCallback                 0x0000028b   Thumb Code     2  cs32l010_hal_adc.o(i.HAL_ADC_ConvCpltCallback)
    HAL_ADC_GetValue                         0x0000028d   Thumb Code   108  cs32l010_hal_adc.o(i.HAL_ADC_GetValue)
    HAL_ADC_IRQHandler                       0x000002f9   Thumb Code   802  cs32l010_hal_adc.o(i.HAL_ADC_IRQHandler)
    HAL_ADC_Init                             0x0000061d   Thumb Code   266  cs32l010_hal_adc.o(i.HAL_ADC_Init)
    HAL_ADC_LevelOutOfRangeCallback          0x00000731   Thumb Code     2  cs32l010_hal_adc.o(i.HAL_ADC_LevelOutOfRangeCallback)
    HAL_ADC_MspInit                          0x00000733   Thumb Code     2  cs32l010_hal_adc.o(i.HAL_ADC_MspInit)
    HAL_ADC_MultiChannel0_ConvCpltCallback   0x00000735   Thumb Code     2  cs32l010_hal_adc.o(i.HAL_ADC_MultiChannel0_ConvCpltCallback)
    HAL_ADC_MultiChannel1_ConvCpltCallback   0x00000737   Thumb Code     2  cs32l010_hal_adc.o(i.HAL_ADC_MultiChannel1_ConvCpltCallback)
    HAL_ADC_MultiChannel2_ConvCpltCallback   0x00000739   Thumb Code     2  cs32l010_hal_adc.o(i.HAL_ADC_MultiChannel2_ConvCpltCallback)
    HAL_ADC_MultiChannel3_ConvCpltCallback   0x0000073d   Thumb Code    26  dfrobot_adc.o(i.HAL_ADC_MultiChannel3_ConvCpltCallback)
    HAL_ADC_MultiChannel4_ConvCpltCallback   0x00000761   Thumb Code     2  cs32l010_hal_adc.o(i.HAL_ADC_MultiChannel4_ConvCpltCallback)
    HAL_ADC_MultiChannel5_ConvCpltCallback   0x00000763   Thumb Code     2  cs32l010_hal_adc.o(i.HAL_ADC_MultiChannel5_ConvCpltCallback)
    HAL_ADC_MultiChannel6_ConvCpltCallback   0x00000765   Thumb Code     2  cs32l010_hal_adc.o(i.HAL_ADC_MultiChannel6_ConvCpltCallback)
    HAL_ADC_MultiChannel7_ConvCpltCallback   0x00000767   Thumb Code     2  cs32l010_hal_adc.o(i.HAL_ADC_MultiChannel7_ConvCpltCallback)
    HAL_ADC_SingleChannel_ConvCpltCallback   0x00000769   Thumb Code     2  cs32l010_hal_adc.o(i.HAL_ADC_SingleChannel_ConvCpltCallback)
    HAL_ADC_Start_IT                         0x0000076d   Thumb Code   414  cs32l010_hal_adc.o(i.HAL_ADC_Start_IT)
    HAL_ADC_ThresholdConfig                  0x00000911   Thumb Code   206  cs32l010_hal_adc.o(i.HAL_ADC_ThresholdConfig)
    HAL_Delay                                0x000009e1   Thumb Code    38  cs32l010_hal.o(i.HAL_Delay)
    HAL_GPIO_Init                            0x00000a0d   Thumb Code   636  cs32l010_hal_gpio.o(i.HAL_GPIO_Init)
    HAL_GetTick                              0x00000c89   Thumb Code     6  cs32l010_hal.o(i.HAL_GetTick)
    HAL_I2C_ACK_Config                       0x00000c95   Thumb Code    32  cs32l010_hal_i2c.o(i.HAL_I2C_ACK_Config)
    HAL_I2C_Check_Flag                       0x00000cb5   Thumb Code    30  cs32l010_hal_i2c.o(i.HAL_I2C_Check_Flag)
    HAL_I2C_Clear_Interrupt_Flag             0x00000cd3   Thumb Code    14  cs32l010_hal_i2c.o(i.HAL_I2C_Clear_Interrupt_Flag)
    HAL_I2C_Get_Interrupt_Flag               0x00000ce1   Thumb Code    14  cs32l010_hal_i2c.o(i.HAL_I2C_Get_Interrupt_Flag)
    HAL_I2C_IRQHandler                       0x00000cef   Thumb Code    26  cs32l010_hal_i2c.o(i.HAL_I2C_IRQHandler)
    HAL_I2C_Init                             0x00000d09   Thumb Code   242  cs32l010_hal_i2c.o(i.HAL_I2C_Init)
    HAL_I2C_MasterCallback                   0x00000dfb   Thumb Code     2  cs32l010_hal_i2c.o(i.HAL_I2C_MasterCallback)
    HAL_I2C_MspInit                          0x00000dfd   Thumb Code     2  cs32l010_hal_i2c.o(i.HAL_I2C_MspInit)
    HAL_I2C_Send_Byte                        0x00000dff   Thumb Code    18  cs32l010_hal_i2c.o(i.HAL_I2C_Send_Byte)
    HAL_I2C_SlaveCallback                    0x00000e11   Thumb Code   220  dfrobot_i2c_slave.o(i.HAL_I2C_SlaveCallback)
    HAL_I2C_Wait_Flag                        0x00000f05   Thumb Code    58  cs32l010_hal_i2c.o(i.HAL_I2C_Wait_Flag)
    HAL_IncTick                              0x00000f41   Thumb Code    16  cs32l010_hal.o(i.HAL_IncTick)
    HAL_Init                                 0x00000f59   Thumb Code    16  cs32l010_hal.o(i.HAL_Init)
    HAL_InitTick                             0x00000f69   Thumb Code    70  cs32l010_hal.o(i.HAL_InitTick)
    HAL_MspInit                              0x00000fbd   Thumb Code     2  cs32l010_hal_msp.o(i.HAL_MspInit)
    HAL_NVIC_DisableIRQ                      0x00000fc1   Thumb Code    18  cs32l010_hal_cortex.o(i.HAL_NVIC_DisableIRQ)
    HAL_NVIC_EnableIRQ                       0x00000fd9   Thumb Code    18  cs32l010_hal_cortex.o(i.HAL_NVIC_EnableIRQ)
    HAL_NVIC_SetPriority                     0x00000ff1   Thumb Code    16  cs32l010_hal_cortex.o(i.HAL_NVIC_SetPriority)
    HAL_PCA_IRQHandler                       0x00001001   Thumb Code   404  cs32l010_hal_pca.o(i.HAL_PCA_IRQHandler)
    HAL_PCA_InputCaptureCallback             0x00001195   Thumb Code     2  cs32l010_hal_pca.o(i.HAL_PCA_InputCaptureCallback)
    HAL_PCA_OC_ConfigChannel                 0x00001197   Thumb Code   106  cs32l010_hal_pca.o(i.HAL_PCA_OC_ConfigChannel)
    HAL_PCA_OC_Init                          0x00001201   Thumb Code    46  cs32l010_hal_pca.o(i.HAL_PCA_OC_Init)
    HAL_PCA_OC_MspInit                       0x0000122f   Thumb Code     2  cs32l010_hal_pca.o(i.HAL_PCA_OC_MspInit)
    HAL_PCA_OC_Start                         0x00001231   Thumb Code   134  cs32l010_hal_pca.o(i.HAL_PCA_OC_Start)
    HAL_PCA_OutputCompareCallback            0x000012bd   Thumb Code     2  cs32l010_hal_pca.o(i.HAL_PCA_OutputCompareCallback)
    HAL_PCA_OverflowCallback                 0x000012bf   Thumb Code     2  cs32l010_hal_pca.o(i.HAL_PCA_OverflowCallback)
    HAL_RCC_ClockConfig                      0x000012c1   Thumb Code   446  cs32l010_hal_rcc.o(i.HAL_RCC_ClockConfig)
    HAL_RCC_GetHCLKFreq                      0x00001499   Thumb Code     6  cs32l010_hal_rcc.o(i.HAL_RCC_GetHCLKFreq)
    HAL_RCC_GetPCLKFreq                      0x000014a5   Thumb Code    34  cs32l010_hal_rcc.o(i.HAL_RCC_GetPCLKFreq)
    HAL_RCC_GetSysClockFreq                  0x000014cd   Thumb Code   150  cs32l010_hal_rcc.o(i.HAL_RCC_GetSysClockFreq)
    HAL_RCC_OscConfig                        0x00001581   Thumb Code  1126  cs32l010_hal_rcc.o(i.HAL_RCC_OscConfig)
    HAL_SYSTICK_Config                       0x000019f1   Thumb Code    46  cs32l010_hal_cortex.o(i.HAL_SYSTICK_Config)
    HAL_TIM_BreakCallback                    0x00001a29   Thumb Code     2  cs32l010_hal_tim.o(i.HAL_TIM_BreakCallback)
    HAL_TIM_CommutationCallback              0x00001a2b   Thumb Code     2  cs32l010_hal_tim.o(i.HAL_TIM_CommutationCallback)
    HAL_TIM_IC_CaptureCallback               0x00001a2d   Thumb Code     2  cs32l010_hal_tim.o(i.HAL_TIM_IC_CaptureCallback)
    HAL_TIM_IRQHandler                       0x00001a2f   Thumb Code   456  cs32l010_hal_tim.o(i.HAL_TIM_IRQHandler)
    HAL_TIM_OC_DelayElapsedCallback          0x00001bf7   Thumb Code     2  cs32l010_hal_tim.o(i.HAL_TIM_OC_DelayElapsedCallback)
    HAL_TIM_PWM_ConfigChannel                0x00001bf9   Thumb Code   264  cs32l010_hal_tim.o(i.HAL_TIM_PWM_ConfigChannel)
    HAL_TIM_PWM_Init                         0x00001d01   Thumb Code    46  cs32l010_hal_tim.o(i.HAL_TIM_PWM_Init)
    HAL_TIM_PWM_MspInit                      0x00001d2f   Thumb Code     2  cs32l010_hal_tim.o(i.HAL_TIM_PWM_MspInit)
    HAL_TIM_PWM_PulseFinishedCallback        0x00001d31   Thumb Code   282  dfrobot_motordriver.o(i.HAL_TIM_PWM_PulseFinishedCallback)
    HAL_TIM_PWM_Start_IT                     0x00001e59   Thumb Code   142  cs32l010_hal_tim.o(i.HAL_TIM_PWM_Start_IT)
    HAL_TIM_PeriodElapsedCallback            0x00001eed   Thumb Code     2  cs32l010_hal_tim.o(i.HAL_TIM_PeriodElapsedCallback)
    HAL_TIM_TriggerCallback                  0x00001eef   Thumb Code     2  cs32l010_hal_tim.o(i.HAL_TIM_TriggerCallback)
    HAL_UART_ErrorCallback                   0x00001ef1   Thumb Code     2  cs32l010_hal_uart.o(i.HAL_UART_ErrorCallback)
    HAL_UART_IRQHandler                      0x00001ef3   Thumb Code   160  cs32l010_hal_uart.o(i.HAL_UART_IRQHandler)
    HAL_UART_RxCpltCallback                  0x00001f93   Thumb Code     2  cs32l010_hal_uart.o(i.HAL_UART_RxCpltCallback)
    HAL_UART_TxCpltCallback                  0x00001f95   Thumb Code     2  cs32l010_hal_uart.o(i.HAL_UART_TxCpltCallback)
    HardFault_Handler                        0x00001f97   Thumb Code     4  cs32l010_it.o(i.HardFault_Handler)
    I2C_IRQHandler                           0x00001f9d   Thumb Code    10  cs32l010_it.o(i.I2C_IRQHandler)
    IWDG_IRQHandler                          0x00001fad   Thumb Code     2  cs32l010_it.o(i.IWDG_IRQHandler)
    LPTIM_IRQHandler                         0x00001faf   Thumb Code     2  cs32l010_it.o(i.LPTIM_IRQHandler)
    LPUART_IRQHandler                        0x00001fb1   Thumb Code     2  cs32l010_it.o(i.LPUART_IRQHandler)
    LVD_IRQHandler                           0x00001fb3   Thumb Code     2  cs32l010_it.o(i.LVD_IRQHandler)
    NMI_Handler                              0x00001fb5   Thumb Code     2  cs32l010_it.o(i.NMI_Handler)
    OWIRE_IRQHandler                         0x00002031   Thumb Code     2  cs32l010_it.o(i.OWIRE_IRQHandler)
    PCA_IRQHandler                           0x0000204d   Thumb Code    10  cs32l010_it.o(i.PCA_IRQHandler)
    PWM_gpio_init                            0x000020e9   Thumb Code   230  dfrobot_motordriver.o(i.PWM_gpio_init)
    PendSV_Handler                           0x000021e1   Thumb Code     2  cs32l010_it.o(i.PendSV_Handler)
    RTC_IRQHandler                           0x00002211   Thumb Code     2  cs32l010_it.o(i.RTC_IRQHandler)
    SPI_IRQHandler                           0x00002213   Thumb Code     2  cs32l010_it.o(i.SPI_IRQHandler)
    SVC_Handler                              0x00002215   Thumb Code     2  cs32l010_it.o(i.SVC_Handler)
    SysTick_Handler                          0x00002217   Thumb Code     8  cs32l010_it.o(i.SysTick_Handler)
    SystemClock_Config                       0x00002221   Thumb Code    80  main.o(i.SystemClock_Config)
    SystemInit                               0x00002275   Thumb Code    48  system_cs32l010.o(i.SystemInit)
    TIM10_IRQHandler                         0x000022b5   Thumb Code     2  cs32l010_it.o(i.TIM10_IRQHandler)
    TIM11_IRQHandler                         0x000022b7   Thumb Code     2  cs32l010_it.o(i.TIM11_IRQHandler)
    TIM1_IRQHandler                          0x000022b9   Thumb Code    10  cs32l010_it.o(i.TIM1_IRQHandler)
    TIM2_IRQHandler                          0x000022c9   Thumb Code    10  cs32l010_it.o(i.TIM2_IRQHandler)
    TIM_Base_SetConfig                       0x000022d9   Thumb Code    94  cs32l010_hal_tim.o(i.TIM_Base_SetConfig)
    TIM_CCxChannelCmd                        0x00002341   Thumb Code    28  cs32l010_hal_tim.o(i.TIM_CCxChannelCmd)
    TIM_OC2_SetConfig                        0x000023d9   Thumb Code   138  cs32l010_hal_tim.o(i.TIM_OC2_SetConfig)
    TimerChannelInit                         0x00002559   Thumb Code   522  dfrobot_motordriver.o(i.TimerChannelInit)
    UART0_IRQHandler                         0x0000278d   Thumb Code    10  cs32l010_it.o(i.UART0_IRQHandler)
    UART1_IRQHandler                         0x0000279d   Thumb Code     2  cs32l010_it.o(i.UART1_IRQHandler)
    UART_Receive_IT                          0x000027a1   Thumb Code   246  cs32l010_hal_uart.o(i.UART_Receive_IT)
    UART_Transmit_IT                         0x0000289d   Thumb Code   170  cs32l010_hal_uart.o(i.UART_Transmit_IT)
    VC_IRQHandler                            0x0000294d   Thumb Code     2  cs32l010_it.o(i.VC_IRQHandler)
    WWDG_IRQHandler                          0x0000294f   Thumb Code     2  cs32l010_it.o(i.WWDG_IRQHandler)
    __ARM_common_switch8                     0x00002951   Thumb Code    28  cs32l010_hal_adc.o(i.__ARM_common_switch8)
    __scatterload_copy                       0x0000296d   Thumb Code    14  handlers.o(i.__scatterload_copy)
    __scatterload_null                       0x0000297b   Thumb Code     2  handlers.o(i.__scatterload_null)
    __scatterload_zeroinit                   0x0000297d   Thumb Code    14  handlers.o(i.__scatterload_zeroinit)
    adc_init                                 0x0000298d   Thumb Code   120  dfrobot_adc.o(i.adc_init)
    i2cIRQConfig                             0x00002a15   Thumb Code    18  dfrobot_i2c_slave.o(i.i2cIRQConfig)
    i2cInitSlave                             0x00002a29   Thumb Code   130  dfrobot_i2c_slave.o(i.i2cInitSlave)
    main                                     0x00002ac1   Thumb Code   368  main.o(i.main)
    Region$$Table$$Base                      0x00002d50   Number         0  anon$$obj.o(Region$$Table)
    Region$$Table$$Limit                     0x00002d70   Number         0  anon$$obj.o(Region$$Table)
    receive_size                             0x20000000   Data           1  dfrobot_i2c_slave.o(.data)
    transmit_size                            0x20000001   Data           1  dfrobot_i2c_slave.o(.data)
    i2c_RX_receive_data                      0x20000002   Data           1  dfrobot_i2c_slave.o(.data)
    i2c_TX_Send_data                         0x20000003   Data           1  dfrobot_i2c_slave.o(.data)
    uwTick                                   0x20000004   Data           4  cs32l010_hal.o(.data)
    uwTickPrio                               0x20000008   Data           4  cs32l010_hal.o(.data)
    uwTickFreq                               0x2000000c   Data           1  cs32l010_hal.o(.data)
    SystemCoreClock                          0x20000010   Data           4  system_cs32l010.o(.data)
    sUartxHandle                             0x20000014   Data          52  main.o(.bss)
    GPIO_InitStruct1                         0x20000048   Data          52  main.o(.bss)
    sPcaHandle                               0x2000007c   Data          16  main.o(.bss)
    sPcaOcInit                               0x2000008c   Data          16  main.o(.bss)
    i2cSlave                                 0x2000009c   Data          36  dfrobot_i2c_slave.o(.bss)
    pData                                    0x200000c0   Data          48  dfrobot_i2c_slave.o(.bss)
    motor_register                           0x200000f0   Data          20  dfrobot_i2c_slave.o(.bss)
    sTim1Handle                              0x20000104   Data          32  dfrobot_motordriver.o(.bss)
    sTim2Handle                              0x20000124   Data          32  dfrobot_motordriver.o(.bss)
    sTimxOcInitHandle                        0x20000144   Data          28  dfrobot_motordriver.o(.bss)
    sAdcHandle                               0x20000160   Data          56  dfrobot_adc.o(.bss)
    sAdcThreasHoldInit                       0x20000198   Data          16  dfrobot_adc.o(.bss)
    __initial_sp                             0x200003a8   Data           0  startup_cs32l010.o(STACK)



==============================================================================

Memory Map of the image

  Image Entry point : 0x000000c1

  Load Region LR_IROM1 (Base: 0x00000000, Size: 0x00002d84, Max: 0x00010000, ABSOLUTE)

    Execution Region ER_IROM1 (Base: 0x00000000, Size: 0x00002d70, Max: 0x00010000, ABSOLUTE)

    Base Addr    Size         Type   Attr      Idx    E Section Name        Object

    0x00000000   0x000000c0   Data   RO         3626    RESET               startup_cs32l010.o
    0x000000c0   0x00000000   Code   RO         3663  * .ARM.Collect$$$$00000000  mc_p.l(entry.o)
    0x000000c0   0x00000004   Code   RO         3937    .ARM.Collect$$$$00000001  mc_p.l(entry2.o)
    0x000000c4   0x00000004   Code   RO         3940    .ARM.Collect$$$$00000004  mc_p.l(entry5.o)
    0x000000c8   0x00000000   Code   RO         3942    .ARM.Collect$$$$00000008  mc_p.l(entry7b.o)
    0x000000c8   0x00000000   Code   RO         3944    .ARM.Collect$$$$0000000A  mc_p.l(entry8b.o)
    0x000000c8   0x00000008   Code   RO         3945    .ARM.Collect$$$$0000000B  mc_p.l(entry9a.o)
    0x000000d0   0x00000000   Code   RO         3947    .ARM.Collect$$$$0000000D  mc_p.l(entry10a.o)
    0x000000d0   0x00000000   Code   RO         3949    .ARM.Collect$$$$0000000F  mc_p.l(entry11a.o)
    0x000000d0   0x00000004   Code   RO         3938    .ARM.Collect$$$$00002712  mc_p.l(entry2.o)
    0x000000d4   0x0000001c   Code   RO         3627    .text               startup_cs32l010.o
    0x000000f0   0x0000002c   Code   RO         3666    .text               mc_p.l(uidiv.o)
    0x0000011c   0x00000024   Code   RO         3670    .text               mc_p.l(memcpya.o)
    0x00000140   0x00000024   Code   RO         3672    .text               mc_p.l(memseta.o)
    0x00000164   0x00000024   Code   RO         3965    .text               mc_p.l(init.o)
    0x00000188   0x00000056   Code   RO          711    i.ADC_ConversionStatus_Reset  cs32l010_hal_adc.o
    0x000001de   0x00000002   PAD
    0x000001e0   0x00000088   Code   RO          712    i.ADC_Enable        cs32l010_hal_adc.o
    0x00000268   0x00000010   Code   RO          206    i.ADC_IRQHandler    cs32l010_it.o
    0x00000278   0x00000002   Code   RO          207    i.AWK_IRQHandler    cs32l010_it.o
    0x0000027a   0x00000002   Code   RO          208    i.CLKTRIM_IRQHandler  cs32l010_it.o
    0x0000027c   0x00000004   Code   RO            3    i.Error_Handler     main.o
    0x00000280   0x00000002   Code   RO          209    i.FLASH_IRQHandler  cs32l010_it.o
    0x00000282   0x00000002   Code   RO          210    i.GPIOA_IRQHandler  cs32l010_it.o
    0x00000284   0x00000002   Code   RO          211    i.GPIOB_IRQHandler  cs32l010_it.o
    0x00000286   0x00000002   Code   RO          212    i.GPIOC_IRQHandler  cs32l010_it.o
    0x00000288   0x00000002   Code   RO          213    i.GPIOD_IRQHandler  cs32l010_it.o
    0x0000028a   0x00000002   Code   RO          714    i.HAL_ADC_ConvCpltCallback  cs32l010_hal_adc.o
    0x0000028c   0x0000006c   Code   RO          721    i.HAL_ADC_GetValue  cs32l010_hal_adc.o
    0x000002f8   0x00000322   Code   RO          722    i.HAL_ADC_IRQHandler  cs32l010_hal_adc.o
    0x0000061a   0x00000002   PAD
    0x0000061c   0x00000114   Code   RO          723    i.HAL_ADC_Init      cs32l010_hal_adc.o
    0x00000730   0x00000002   Code   RO          724    i.HAL_ADC_LevelOutOfRangeCallback  cs32l010_hal_adc.o
    0x00000732   0x00000002   Code   RO          726    i.HAL_ADC_MspInit   cs32l010_hal_adc.o
    0x00000734   0x00000002   Code   RO          727    i.HAL_ADC_MultiChannel0_ConvCpltCallback  cs32l010_hal_adc.o
    0x00000736   0x00000002   Code   RO          728    i.HAL_ADC_MultiChannel1_ConvCpltCallback  cs32l010_hal_adc.o
    0x00000738   0x00000002   Code   RO          729    i.HAL_ADC_MultiChannel2_ConvCpltCallback  cs32l010_hal_adc.o
    0x0000073a   0x00000002   PAD
    0x0000073c   0x00000024   Code   RO          544    i.HAL_ADC_MultiChannel3_ConvCpltCallback  dfrobot_adc.o
    0x00000760   0x00000002   Code   RO          731    i.HAL_ADC_MultiChannel4_ConvCpltCallback  cs32l010_hal_adc.o
    0x00000762   0x00000002   Code   RO          732    i.HAL_ADC_MultiChannel5_ConvCpltCallback  cs32l010_hal_adc.o
    0x00000764   0x00000002   Code   RO          733    i.HAL_ADC_MultiChannel6_ConvCpltCallback  cs32l010_hal_adc.o
    0x00000766   0x00000002   Code   RO          734    i.HAL_ADC_MultiChannel7_ConvCpltCallback  cs32l010_hal_adc.o
    0x00000768   0x00000002   Code   RO          737    i.HAL_ADC_SingleChannel_ConvCpltCallback  cs32l010_hal_adc.o
    0x0000076a   0x00000002   PAD
    0x0000076c   0x000001a4   Code   RO          739    i.HAL_ADC_Start_IT  cs32l010_hal_adc.o
    0x00000910   0x000000ce   Code   RO          742    i.HAL_ADC_ThresholdConfig  cs32l010_hal_adc.o
    0x000009de   0x00000002   PAD
    0x000009e0   0x0000002c   Code   RO          580    i.HAL_Delay         cs32l010_hal.o
    0x00000a0c   0x0000027c   Code   RO         1425    i.HAL_GPIO_Init     cs32l010_hal_gpio.o
    0x00000c88   0x0000000c   Code   RO          584    i.HAL_GetTick       cs32l010_hal.o
    0x00000c94   0x00000020   Code   RO         1478    i.HAL_I2C_ACK_Config  cs32l010_hal_i2c.o
    0x00000cb4   0x0000001e   Code   RO         1479    i.HAL_I2C_Check_Flag  cs32l010_hal_i2c.o
    0x00000cd2   0x0000000e   Code   RO         1480    i.HAL_I2C_Clear_Interrupt_Flag  cs32l010_hal_i2c.o
    0x00000ce0   0x0000000e   Code   RO         1482    i.HAL_I2C_Get_Interrupt_Flag  cs32l010_hal_i2c.o
    0x00000cee   0x0000001a   Code   RO         1483    i.HAL_I2C_IRQHandler  cs32l010_hal_i2c.o
    0x00000d08   0x000000f2   Code   RO         1484    i.HAL_I2C_Init      cs32l010_hal_i2c.o
    0x00000dfa   0x00000002   Code   RO         1485    i.HAL_I2C_MasterCallback  cs32l010_hal_i2c.o
    0x00000dfc   0x00000002   Code   RO         1490    i.HAL_I2C_MspInit   cs32l010_hal_i2c.o
    0x00000dfe   0x00000012   Code   RO         1493    i.HAL_I2C_Send_Byte  cs32l010_hal_i2c.o
    0x00000e10   0x000000f4   Code   RO          463    i.HAL_I2C_SlaveCallback  dfrobot_i2c_slave.o
    0x00000f04   0x0000003a   Code   RO         1499    i.HAL_I2C_Wait_Flag  cs32l010_hal_i2c.o
    0x00000f3e   0x00000002   PAD
    0x00000f40   0x00000018   Code   RO          588    i.HAL_IncTick       cs32l010_hal.o
    0x00000f58   0x00000010   Code   RO          589    i.HAL_Init          cs32l010_hal.o
    0x00000f68   0x00000054   Code   RO          590    i.HAL_InitTick      cs32l010_hal.o
    0x00000fbc   0x00000002   Code   RO          183    i.HAL_MspInit       cs32l010_hal_msp.o
    0x00000fbe   0x00000002   PAD
    0x00000fc0   0x00000018   Code   RO         1182    i.HAL_NVIC_DisableIRQ  cs32l010_hal_cortex.o
    0x00000fd8   0x00000018   Code   RO         1183    i.HAL_NVIC_EnableIRQ  cs32l010_hal_cortex.o
    0x00000ff0   0x00000010   Code   RO         1187    i.HAL_NVIC_SetPriority  cs32l010_hal_cortex.o
    0x00001000   0x00000194   Code   RO         2166    i.HAL_PCA_IRQHandler  cs32l010_hal_pca.o
    0x00001194   0x00000002   Code   RO         2167    i.HAL_PCA_InputCaptureCallback  cs32l010_hal_pca.o
    0x00001196   0x0000006a   Code   RO         2168    i.HAL_PCA_OC_ConfigChannel  cs32l010_hal_pca.o
    0x00001200   0x0000002e   Code   RO         2170    i.HAL_PCA_OC_Init   cs32l010_hal_pca.o
    0x0000122e   0x00000002   Code   RO         2172    i.HAL_PCA_OC_MspInit  cs32l010_hal_pca.o
    0x00001230   0x0000008c   Code   RO         2173    i.HAL_PCA_OC_Start  cs32l010_hal_pca.o
    0x000012bc   0x00000002   Code   RO         2177    i.HAL_PCA_OutputCompareCallback  cs32l010_hal_pca.o
    0x000012be   0x00000002   Code   RO         2178    i.HAL_PCA_OverflowCallback  cs32l010_hal_pca.o
    0x000012c0   0x000001d8   Code   RO         2432    i.HAL_RCC_ClockConfig  cs32l010_hal_rcc.o
    0x00001498   0x0000000c   Code   RO         2435    i.HAL_RCC_GetHCLKFreq  cs32l010_hal_rcc.o
    0x000014a4   0x00000028   Code   RO         2437    i.HAL_RCC_GetPCLKFreq  cs32l010_hal_rcc.o
    0x000014cc   0x000000b4   Code   RO         2438    i.HAL_RCC_GetSysClockFreq  cs32l010_hal_rcc.o
    0x00001580   0x00000470   Code   RO         2440    i.HAL_RCC_OscConfig  cs32l010_hal_rcc.o
    0x000019f0   0x00000038   Code   RO         1191    i.HAL_SYSTICK_Config  cs32l010_hal_cortex.o
    0x00001a28   0x00000002   Code   RO         2777    i.HAL_TIM_BreakCallback  cs32l010_hal_tim.o
    0x00001a2a   0x00000002   Code   RO         2778    i.HAL_TIM_CommutationCallback  cs32l010_hal_tim.o
    0x00001a2c   0x00000002   Code   RO         2794    i.HAL_TIM_IC_CaptureCallback  cs32l010_hal_tim.o
    0x00001a2e   0x000001c8   Code   RO         2805    i.HAL_TIM_IRQHandler  cs32l010_hal_tim.o
    0x00001bf6   0x00000002   Code   RO         2808    i.HAL_TIM_OC_DelayElapsedCallback  cs32l010_hal_tim.o
    0x00001bf8   0x00000108   Code   RO         2831    i.HAL_TIM_PWM_ConfigChannel  cs32l010_hal_tim.o
    0x00001d00   0x0000002e   Code   RO         2834    i.HAL_TIM_PWM_Init  cs32l010_hal_tim.o
    0x00001d2e   0x00000002   Code   RO         2836    i.HAL_TIM_PWM_MspInit  cs32l010_hal_tim.o
    0x00001d30   0x00000128   Code   RO          505    i.HAL_TIM_PWM_PulseFinishedCallback  dfrobot_motordriver.o
    0x00001e58   0x00000094   Code   RO         2839    i.HAL_TIM_PWM_Start_IT  cs32l010_hal_tim.o
    0x00001eec   0x00000002   Code   RO         2842    i.HAL_TIM_PeriodElapsedCallback  cs32l010_hal_tim.o
    0x00001eee   0x00000002   Code   RO         2846    i.HAL_TIM_TriggerCallback  cs32l010_hal_tim.o
    0x00001ef0   0x00000002   Code   RO         3351    i.HAL_UART_ErrorCallback  cs32l010_hal_uart.o
    0x00001ef2   0x000000a0   Code   RO         3354    i.HAL_UART_IRQHandler  cs32l010_hal_uart.o
    0x00001f92   0x00000002   Code   RO         3360    i.HAL_UART_RxCpltCallback  cs32l010_hal_uart.o
    0x00001f94   0x00000002   Code   RO         3363    i.HAL_UART_TxCpltCallback  cs32l010_hal_uart.o
    0x00001f96   0x00000004   Code   RO          214    i.HardFault_Handler  cs32l010_it.o
    0x00001f9a   0x00000002   PAD
    0x00001f9c   0x00000010   Code   RO          215    i.I2C_IRQHandler    cs32l010_it.o
    0x00001fac   0x00000002   Code   RO          216    i.IWDG_IRQHandler   cs32l010_it.o
    0x00001fae   0x00000002   Code   RO          217    i.LPTIM_IRQHandler  cs32l010_it.o
    0x00001fb0   0x00000002   Code   RO          218    i.LPUART_IRQHandler  cs32l010_it.o
    0x00001fb2   0x00000002   Code   RO          219    i.LVD_IRQHandler    cs32l010_it.o
    0x00001fb4   0x00000002   Code   RO          220    i.NMI_Handler       cs32l010_it.o
    0x00001fb6   0x00000002   PAD
    0x00001fb8   0x00000078   Code   RO         1193    i.NVIC_SetPriority  cs32l010_hal_cortex.o
    0x00002030   0x00000002   Code   RO          221    i.OWIRE_IRQHandler  cs32l010_it.o
    0x00002032   0x0000001a   Code   RO         2183    i.PCA_Base_SetConfig  cs32l010_hal_pca.o
    0x0000204c   0x00000010   Code   RO          222    i.PCA_IRQHandler    cs32l010_it.o
    0x0000205c   0x0000001c   Code   RO         2184    i.PCA_OC0_SetConfig  cs32l010_hal_pca.o
    0x00002078   0x0000001c   Code   RO         2185    i.PCA_OC1_SetConfig  cs32l010_hal_pca.o
    0x00002094   0x0000001c   Code   RO         2186    i.PCA_OC2_SetConfig  cs32l010_hal_pca.o
    0x000020b0   0x0000001c   Code   RO         2187    i.PCA_OC3_SetConfig  cs32l010_hal_pca.o
    0x000020cc   0x0000001c   Code   RO         2188    i.PCA_OC4_SetConfig  cs32l010_hal_pca.o
    0x000020e8   0x000000f8   Code   RO          506    i.PWM_gpio_init     dfrobot_motordriver.o
    0x000021e0   0x00000002   Code   RO          223    i.PendSV_Handler    cs32l010_it.o
    0x000021e2   0x00000002   PAD
    0x000021e4   0x0000002c   Code   RO         2441    i.RCC_Delay         cs32l010_hal_rcc.o
    0x00002210   0x00000002   Code   RO          224    i.RTC_IRQHandler    cs32l010_it.o
    0x00002212   0x00000002   Code   RO          225    i.SPI_IRQHandler    cs32l010_it.o
    0x00002214   0x00000002   Code   RO          226    i.SVC_Handler       cs32l010_it.o
    0x00002216   0x00000008   Code   RO          227    i.SysTick_Handler   cs32l010_it.o
    0x0000221e   0x00000002   PAD
    0x00002220   0x00000054   Code   RO            5    i.SystemClock_Config  main.o
    0x00002274   0x00000040   Code   RO         3634    i.SystemInit        system_cs32l010.o
    0x000022b4   0x00000002   Code   RO          228    i.TIM10_IRQHandler  cs32l010_it.o
    0x000022b6   0x00000002   Code   RO          229    i.TIM11_IRQHandler  cs32l010_it.o
    0x000022b8   0x00000010   Code   RO          230    i.TIM1_IRQHandler   cs32l010_it.o
    0x000022c8   0x00000010   Code   RO          231    i.TIM2_IRQHandler   cs32l010_it.o
    0x000022d8   0x00000068   Code   RO         2847    i.TIM_Base_SetConfig  cs32l010_hal_tim.o
    0x00002340   0x0000001c   Code   RO         2848    i.TIM_CCxChannelCmd  cs32l010_hal_tim.o
    0x0000235c   0x0000007c   Code   RO         2852    i.TIM_OC1_SetConfig  cs32l010_hal_tim.o
    0x000023d8   0x00000090   Code   RO         2853    i.TIM_OC2_SetConfig  cs32l010_hal_tim.o
    0x00002468   0x00000088   Code   RO         2854    i.TIM_OC3_SetConfig  cs32l010_hal_tim.o
    0x000024f0   0x00000068   Code   RO         2855    i.TIM_OC4_SetConfig  cs32l010_hal_tim.o
    0x00002558   0x00000234   Code   RO          507    i.TimerChannelInit  dfrobot_motordriver.o
    0x0000278c   0x00000010   Code   RO          232    i.UART0_IRQHandler  cs32l010_it.o
    0x0000279c   0x00000002   Code   RO          233    i.UART1_IRQHandler  cs32l010_it.o
    0x0000279e   0x00000002   PAD
    0x000027a0   0x000000fc   Code   RO         3364    i.UART_Receive_IT   cs32l010_hal_uart.o
    0x0000289c   0x000000b0   Code   RO         3367    i.UART_Transmit_IT  cs32l010_hal_uart.o
    0x0000294c   0x00000002   Code   RO          234    i.VC_IRQHandler     cs32l010_it.o
    0x0000294e   0x00000002   Code   RO          235    i.WWDG_IRQHandler   cs32l010_it.o
    0x00002950   0x0000001c   Code   RO          912    i.__ARM_common_switch8  cs32l010_hal_adc.o
    0x0000296c   0x0000000e   Code   RO         3977    i.__scatterload_copy  mc_p.l(handlers.o)
    0x0000297a   0x00000002   Code   RO         3978    i.__scatterload_null  mc_p.l(handlers.o)
    0x0000297c   0x0000000e   Code   RO         3979    i.__scatterload_zeroinit  mc_p.l(handlers.o)
    0x0000298a   0x00000002   PAD
    0x0000298c   0x00000088   Code   RO          545    i.adc_init          dfrobot_adc.o
    0x00002a14   0x00000012   Code   RO          464    i.i2cIRQConfig      dfrobot_i2c_slave.o
    0x00002a26   0x00000002   PAD
    0x00002a28   0x00000098   Code   RO          465    i.i2cInitSlave      dfrobot_i2c_slave.o
    0x00002ac0   0x00000184   Code   RO            6    i.main              main.o
    0x00002c44   0x0000000c   Code   RO            7    i.pwm_init          main.o
    0x00002c50   0x00000100   Data   RO         3369    .constdata          cs32l010_hal_uart.o
    0x00002d50   0x00000020   Data   RO         3975    Region$$Table       anon$$obj.o


    Execution Region RW_IRAM1 (Base: 0x20000000, Size: 0x000003a8, Max: 0x00001000, ABSOLUTE)

    Base Addr    Size         Type   Attr      Idx    E Section Name        Object

    0x20000000   0x00000004   Data   RW          467    .data               dfrobot_i2c_slave.o
    0x20000004   0x00000009   Data   RW          596    .data               cs32l010_hal.o
    0x2000000d   0x00000003   PAD
    0x20000010   0x00000004   Data   RW         3635    .data               system_cs32l010.o
    0x20000014   0x00000088   Zero   RW            8    .bss                main.o
    0x2000009c   0x00000068   Zero   RW          466    .bss                dfrobot_i2c_slave.o
    0x20000104   0x0000005c   Zero   RW          508    .bss                dfrobot_motordriver.o
    0x20000160   0x00000048   Zero   RW          546    .bss                dfrobot_adc.o
    0x200001a8   0x00000200   Zero   RW         3624    STACK               startup_cs32l010.o


==============================================================================

Image component sizes


      Code (inc. data)   RO Data    RW Data    ZI Data      Debug   Object Name

       180         34          0          9          0       6357   cs32l010_hal.o
      2084         36          0          0          0      11285   cs32l010_hal_adc.o
       240         32          0          0          0       8719   cs32l010_hal_cortex.o
       636          0          0          0          0       1296   cs32l010_hal_gpio.o
       438          0          0          0          0       5973   cs32l010_hal_i2c.o
         2          0          0          0          0        382   cs32l010_hal_msp.o
       870          6          0          0          0       7764   cs32l010_hal_pca.o
      1884        108          0          0          0       4664   cs32l010_hal_rcc.o
      1568         36          0          0          0      10237   cs32l010_hal_tim.o
       594         12        256          0          0       4235   cs32l010_hal_uart.o
       152         36          0          0          0      11604   cs32l010_it.o
       172         26          0          0         72       1625   dfrobot_adc.o
       414         46          0          4        104       8250   dfrobot_i2c_slave.o
      1108         74          0          0         92       3038   dfrobot_motordriver.o
       488         24          0          0        136     182071   main.o
        28          8        192          0        512        604   startup_cs32l010.o
        64         16          0          4          0        667   system_cs32l010.o

    ----------------------------------------------------------------------
     10948        494        480         20        916     268771   Object Totals
         0          0         32          0          0          0   (incl. Generated)
        26          0          0          3          0          0   (incl. Padding)

    ----------------------------------------------------------------------

      Code (inc. data)   RO Data    RW Data    ZI Data      Debug   Library Member Name

         0          0          0          0          0          0   entry.o
         0          0          0          0          0          0   entry10a.o
         0          0          0          0          0          0   entry11a.o
         8          4          0          0          0          0   entry2.o
         4          0          0          0          0          0   entry5.o
         0          0          0          0          0          0   entry7b.o
         0          0          0          0          0          0   entry8b.o
         8          4          0          0          0          0   entry9a.o
        30          0          0          0          0          0   handlers.o
        36          8          0          0          0         68   init.o
        36          0          0          0          0         60   memcpya.o
        36          0          0          0          0        100   memseta.o
        44          0          0          0          0         72   uidiv.o

    ----------------------------------------------------------------------
       204         16          0          0          0        300   Library Totals
         2          0          0          0          0          0   (incl. Padding)

    ----------------------------------------------------------------------

      Code (inc. data)   RO Data    RW Data    ZI Data      Debug   Library Name

       202         16          0          0          0        300   mc_p.l

    ----------------------------------------------------------------------
       204         16          0          0          0        300   Library Totals

    ----------------------------------------------------------------------

==============================================================================


      Code (inc. data)   RO Data    RW Data    ZI Data      Debug   

     11152        510        480         20        916     263767   Grand Totals
     11152        510        480         20        916     263767   ELF Image Totals
     11152        510        480         20          0          0   ROM Totals

==============================================================================

    Total RO  Size (Code + RO Data)                11632 (  11.36kB)
    Total RW  Size (RW Data + ZI Data)               936 (   0.91kB)
    Total ROM Size (Code + RO Data + RW Data)      11652 (  11.38kB)

==============================================================================

